Component: ARM Compiler 5.05 update 1 (build 106) Tool: armlink [4d0efa]

==============================================================================

Section Cross References

    main.o(i.main) refers to misc.o(i.NVIC_PriorityGroupConfig) for NVIC_PriorityGroupConfig
    main.o(i.main) refers to tim.o(i.tim6_init) for tim6_init
    main.o(i.main) refers to systick_timer.o(i.systick_config) for systick_config
    main.o(i.main) refers to tim.o(i.tim4_ch3_init) for tim4_ch3_init
    main.o(i.main) refers to usart.o(i.USART2_Config) for USART2_Config
    main.o(i.main) refers to tim.o(i.TIM3_Int_Init) for TIM3_Int_Init
    main.o(i.main) refers to key.o(i.WiFi_Key_Init) for WiFi_Key_Init
    main.o(i.main) refers to led.o(i.LED_INIT) for LED_INIT
    main.o(i.main) refers to oled.o(i.OLED_Init) for OLED_Init
    main.o(i.main) refers to oled.o(i.OLED_ColorTurn) for OLED_ColorTurn
    main.o(i.main) refers to oled.o(i.OLED_DisplayTurn) for OLED_DisplayTurn
    main.o(i.main) refers to oled.o(i.total) for total
    main.o(i.main) refers to gizwits_protocol.o(i.gizwitsInit) for gizwitsInit
    main.o(i.main) refers to gizwits_product.o(i.userHandle) for userHandle
    main.o(i.main) refers to key.o(i.WiFi_Key_Switch) for WiFi_Key_Switch
    main.o(i.main) refers to gizwits_protocol.o(i.gizwitsHandle) for gizwitsHandle
    main.o(i.main) refers to gizwits_product.o(.bss) for currentDataPoint
    stm32f10x_it.o(i.USART1_IRQHandler) refers to stm32f10x_usart.o(i.USART_GetITStatus) for USART_GetITStatus
    stm32f10x_it.o(i.USART1_IRQHandler) refers to stm32f10x_usart.o(i.USART_ReceiveData) for USART_ReceiveData
    stm32f10x_it.o(i.USART1_IRQHandler) refers to usart.o(.bss) for usart1_recv_buf
    stm32f10x_it.o(i.USART1_IRQHandler) refers to usart.o(.data) for usart1_recv_index
    led.o(i.LED_INIT) refers to stm32f10x_rcc.o(i.RCC_APB2PeriphClockCmd) for RCC_APB2PeriphClockCmd
    led.o(i.LED_INIT) refers to stm32f10x_gpio.o(i.GPIO_Init) for GPIO_Init
    usart.o(i.USART2_Config) refers to stm32f10x_rcc.o(i.RCC_APB2PeriphClockCmd) for RCC_APB2PeriphClockCmd
    usart.o(i.USART2_Config) refers to stm32f10x_rcc.o(i.RCC_APB1PeriphClockCmd) for RCC_APB1PeriphClockCmd
    usart.o(i.USART2_Config) refers to stm32f10x_gpio.o(i.GPIO_Init) for GPIO_Init
    usart.o(i.USART2_Config) refers to stm32f10x_usart.o(i.USART_Init) for USART_Init
    usart.o(i.USART2_Config) refers to stm32f10x_usart.o(i.USART_ITConfig) for USART_ITConfig
    usart.o(i.USART2_Config) refers to misc.o(i.NVIC_Init) for NVIC_Init
    usart.o(i.USART2_Config) refers to stm32f10x_usart.o(i.USART_ClearFlag) for USART_ClearFlag
    usart.o(i.USART2_Config) refers to stm32f10x_usart.o(i.USART_Cmd) for USART_Cmd
    usart.o(i.USART3_SendString) refers to usart.o(i.USART3_SendData) for USART3_SendData
    usart.o(i.USARTx_SendNByte) refers to stm32f10x_usart.o(i.USART_GetFlagStatus) for USART_GetFlagStatus
    usart.o(i.USARTx_SendNByte) refers to stm32f10x_usart.o(i.USART_SendData) for USART_SendData
    usart.o(i.usart1_getchar) refers to usart.o(i.usart1_putchar) for usart1_putchar
    usart.o(i.usart1_getchar) refers to usart.o(.data) for usart1_get_index
    usart.o(i.usart1_getchar) refers to usart.o(.bss) for usart1_recv_buf
    usart.o(i.usart1_init) refers to stm32f10x_rcc.o(i.RCC_APB2PeriphClockCmd) for RCC_APB2PeriphClockCmd
    usart.o(i.usart1_init) refers to stm32f10x_gpio.o(i.GPIO_Init) for GPIO_Init
    usart.o(i.usart1_init) refers to stm32f10x_usart.o(i.USART_Init) for USART_Init
    usart.o(i.usart1_init) refers to misc.o(i.NVIC_Init) for NVIC_Init
    usart.o(i.usart1_init) refers to stm32f10x_usart.o(i.USART_ITConfig) for USART_ITConfig
    usart.o(i.usart1_init) refers to stm32f10x_usart.o(i.USART_Cmd) for USART_Cmd
    usart.o(i.usart1_putchar) refers to stm32f10x_usart.o(i.USART_GetFlagStatus) for USART_GetFlagStatus
    usart.o(i.usart1_putchar) refers to stm32f10x_usart.o(i.USART_SendData) for USART_SendData
    key.o(i.WiFi_Key_Init) refers to stm32f10x_rcc.o(i.RCC_APB2PeriphClockCmd) for RCC_APB2PeriphClockCmd
    key.o(i.WiFi_Key_Init) refers to stm32f10x_gpio.o(i.GPIO_Init) for GPIO_Init
    key.o(i.WiFi_Key_Switch) refers to stm32f10x_gpio.o(i.GPIO_ReadInputDataBit) for GPIO_ReadInputDataBit
    key.o(i.WiFi_Key_Switch) refers to tim.o(i.tim6_delay_ms) for tim6_delay_ms
    key.o(i.WiFi_Key_Switch) refers to gizwits_protocol.o(i.gizwitsSetMode) for gizwitsSetMode
    key.o(i.WiFi_Key_Switch) refers to printf8.o(i.__0printf$8) for __2printf
    tim.o(i.TIM3_Int_Init) refers to stm32f10x_rcc.o(i.RCC_APB1PeriphClockCmd) for RCC_APB1PeriphClockCmd
    tim.o(i.TIM3_Int_Init) refers to stm32f10x_tim.o(i.TIM_TimeBaseInit) for TIM_TimeBaseInit
    tim.o(i.TIM3_Int_Init) refers to stm32f10x_tim.o(i.TIM_ClearFlag) for TIM_ClearFlag
    tim.o(i.TIM3_Int_Init) refers to stm32f10x_tim.o(i.TIM_ITConfig) for TIM_ITConfig
    tim.o(i.TIM3_Int_Init) refers to misc.o(i.NVIC_Init) for NVIC_Init
[...]
    gizwits_product.o(i.USART2_IRQHandler) refers to gizwits_protocol.o(i.gizPutData) for gizPutData
    gizwits_product.o(i.gizGetTimerCount) refers to gizwits_product.o(.data) for timerMsCount
    gizwits_product.o(i.gizTimerMs) refers to gizwits_product.o(.data) for timerMsCount
    gizwits_product.o(i.gizwitsEventProcess) refers to printf8.o(i.__0printf$8) for __2printf
    gizwits_product.o(i.gizwitsEventProcess) refers to oled.o(i.fig1) for fig1
    gizwits_product.o(i.gizwitsEventProcess) refers to tim.o(i.tim6_delay_ms) for tim6_delay_ms
    gizwits_product.o(i.gizwitsEventProcess) refers to oled.o(i.total) for total
    gizwits_product.o(i.gizwitsEventProcess) refers to oled.o(i.fig2) for fig2
    gizwits_product.o(i.gizwitsEventProcess) refers to tim.o(i.turn_pwm_1) for turn_pwm_1
    gizwits_product.o(i.gizwitsEventProcess) refers to oled.o(i.open) for open
    gizwits_product.o(i.gizwitsEventProcess) refers to tim.o(i.turn_pwm_3) for turn_pwm_3
    gizwits_product.o(i.gizwitsEventProcess) refers to oled.o(i.close) for close
    gizwits_product.o(i.gizwitsEventProcess) refers to gizwits_product.o(.bss) for currentDataPoint
    gizwits_product.o(i.uartWrite) refers to stm32f10x_usart.o(i.USART_SendData) for USART_SendData
    gizwits_product.o(i.uartWrite) refers to stm32f10x_usart.o(i.USART_GetFlagStatus) for USART_GetFlagStatus
    gizwits_product.o(i.userHandle) refers to dht11.o(i.GET_DATA) for GET_DATA
    gizwits_product.o(i.userHandle) refers to ffltui.o(.text) for __aeabi_ui2f
    gizwits_product.o(i.userHandle) refers to fadd.o(.text) for __aeabi_fadd
    gizwits_product.o(i.userHandle) refers to dht11.o(.bss) for data
    gizwits_product.o(i.userHandle) refers to gizwits_product.o(.bss) for currentDataPoint
    gizwits_product.o(i.userInit) refers to gizwits_product.o(.bss) for currentDataPoint
    gizwits_protocol.o(i.gizCheckReport) refers to printf8.o(i.__0printf$8) for __2printf
    gizwits_protocol.o(i.gizCheckReport) refers to gizwits_product.o(i.gizGetTimerCount) for gizGetTimerCount
    gizwits_protocol.o(i.gizCheckReport) refers to cfcmple.o(.text) for __aeabi_cfcmpeq
    gizwits_protocol.o(i.gizCheckReport) refers to gizwits_protocol.o(.data) for lastReportTime
    gizwits_protocol.o(i.gizDataPoint2Event) refers to printf8.o(i.__0printf$8) for __2printf
    gizwits_protocol.o(i.gizDataPoint2Event) refers to datapointtools.o(i.gizStandardDecompressionValue) for gizStandardDecompressionValue
    gizwits_protocol.o(i.gizDataPoints2ReportData) refers to printf8.o(i.__0printf$8) for __2printf
    gizwits_protocol.o(i.gizDataPoints2ReportData) refers to datapointtools.o(i.gizStandardCompressValue) for gizStandardCompressValue
    gizwits_protocol.o(i.gizDataPoints2ReportData) refers to datapointtools.o(i.gizByteOrderExchange) for gizByteOrderExchange
    gizwits_protocol.o(i.gizDataPoints2ReportData) refers to datapointtools.o(i.gizY2XFloat) for gizY2XFloat
    gizwits_protocol.o(i.gizDataPoints2ReportData) refers to common.o(i.exchangeBytes) for exchangeBytes
    gizwits_protocol.o(i.gizDevReportPolicy) refers to gizwits_product.o(i.gizGetTimerCount) for gizGetTimerCount
    gizwits_protocol.o(i.gizDevReportPolicy) refers to gizwits_protocol.o(i.gizCheckReport) for gizCheckReport
    gizwits_protocol.o(i.gizDevReportPolicy) refers to printf8.o(i.__0printf$8) for __2printf
    gizwits_protocol.o(i.gizDevReportPolicy) refers to gizwits_protocol.o(i.gizDataPoints2ReportData) for gizDataPoints2ReportData
    gizwits_protocol.o(i.gizDevReportPolicy) refers to gizwits_protocol.o(i.gizReportData) for gizReportData
    gizwits_protocol.o(i.gizDevReportPolicy) refers to gizwits_protocol.o(.bss) for gizwitsProtocol
    gizwits_protocol.o(i.gizDevReportPolicy) refers to gizwits_protocol.o(.data) for lastRepTime
    gizwits_protocol.o(i.gizProtocolAckHandle) refers to gizwits_product.o(i.gizGetTimerCount) for gizGetTimerCount
    gizwits_protocol.o(i.gizProtocolAckHandle) refers to printf8.o(i.__0printf$8) for __2printf
    gizwits_protocol.o(i.gizProtocolAckHandle) refers to gizwits_protocol.o(i.gizProtocolResendData) for gizProtocolResendData
    gizwits_protocol.o(i.gizProtocolAckHandle) refers to memseta.o(.text) for __aeabi_memclr4
    gizwits_protocol.o(i.gizProtocolAckHandle) refers to gizwits_protocol.o(.bss) for gizwitsProtocol
    gizwits_protocol.o(i.gizProtocolCommonAck) refers to printf8.o(i.__0printf$8) for __2printf
    gizwits_protocol.o(i.gizProtocolCommonAck) refers to common.o(i.exchangeBytes) for exchangeBytes
    gizwits_protocol.o(i.gizProtocolCommonAck) refers to common.o(i.gizProtocolSum) for gizProtocolSum
    gizwits_protocol.o(i.gizProtocolCommonAck) refers to gizwits_product.o(i.uartWrite) for uartWrite
    gizwits_protocol.o(i.gizProtocolErrorCmd) refers to printf8.o(i.__0printf$8) for __2printf
    gizwits_protocol.o(i.gizProtocolErrorCmd) refers to gizwits_protocol.o(i.gizProtocolHeadInit) for gizProtocolHeadInit
    gizwits_protocol.o(i.gizProtocolErrorCmd) refers to common.o(i.exchangeBytes) for exchangeBytes
    gizwits_protocol.o(i.gizProtocolErrorCmd) refers to common.o(i.gizProtocolSum) for gizProtocolSum
    gizwits_protocol.o(i.gizProtocolErrorCmd) refers to gizwits_product.o(i.uartWrite) for uartWrite
    gizwits_protocol.o(i.gizProtocolGetDeviceInfo) refers to printf8.o(i.__0printf$8) for __2printf
    gizwits_protocol.o(i.gizProtocolGetDeviceInfo) refers to gizwits_protocol.o(i.gizProtocolHeadInit) for gizProtocolHeadInit
    gizwits_protocol.o(i.gizProtocolGetDeviceInfo) refers to memcpya.o(.text) for __aeabi_memcpy4
    gizwits_protocol.o(i.gizProtocolGetDeviceInfo) refers to common.o(i.exchangeBytes) for exchangeBytes
    gizwits_protocol.o(i.gizProtocolGetDeviceInfo) refers to common.o(i.gizProtocolSum) for gizProtocolSum
    gizwits_protocol.o(i.gizProtocolGetDeviceInfo) refers to gizwits_product.o(i.uartWrite) for uartWrite
    gizwits_protocol.o(i.gizProtocolGetOnePacket) refers to printf8.o(i.__0printf$8) for __2printf
    gizwits_protocol.o(i.gizProtocolGetOnePacket) refers to ringbuffer.o(i.rbCanRead) for rbCanRead
    gizwits_protocol.o(i.gizProtocolGetOnePacket) refers to ringbuffer.o(i.rbRead) for rbRead
    gizwits_protocol.o(i.gizProtocolGetOnePacket) refers to common.o(i.exchangeBytes) for exchangeBytes
    gizwits_protocol.o(i.gizProtocolGetOnePacket) refers to common.o(i.gizProtocolSum) for gizProtocolSum
    gizwits_protocol.o(i.gizProtocolGetOnePacket) refers to gizwits_protocol.o(.data) for lastData
    gizwits_protocol.o(i.gizProtocolHeadInit) refers to printf8.o(i.__0printf$8) for __2printf
    gizwits_protocol.o(i.gizProtocolIssuedDataAck) refers to printf8.o(i.__0printf$8) for __2printf
    gizwits_protocol.o(i.gizProtocolIssuedDataAck) refers to memcpya.o(.text) for __aeabi_memcpy
    gizwits_protocol.o(i.gizProtocolIssuedDataAck) refers to common.o(i.gizProtocolSum) for gizProtocolSum
    gizwits_protocol.o(i.gizProtocolIssuedDataAck) refers to gizwits_product.o(i.uartWrite) for uartWrite
    gizwits_protocol.o(i.gizProtocolIssuedProcess) refers to printf8.o(i.__0printf$8) for __2printf
    gizwits_protocol.o(i.gizProtocolIssuedProcess) refers to memseta.o(.text) for __aeabi_memclr4
    gizwits_protocol.o(i.gizProtocolIssuedProcess) refers to gizwits_protocol.o(i.gizDataPoint2Event) for gizDataPoint2Event
    gizwits_protocol.o(i.gizProtocolIssuedProcess) refers to gizwits_protocol.o(i.gizDataPoints2ReportData) for gizDataPoints2ReportData
    gizwits_protocol.o(i.gizProtocolIssuedProcess) refers to memcpya.o(.text) for __aeabi_memcpy
    gizwits_protocol.o(i.gizProtocolIssuedProcess) refers to gizwits_protocol.o(.bss) for gizwitsProtocol
    gizwits_protocol.o(i.gizProtocolModuleInfoHandle) refers to printf8.o(i.__0printf$8) for __2printf
    gizwits_protocol.o(i.gizProtocolModuleInfoHandle) refers to memcpya.o(.text) for __aeabi_memcpy
    gizwits_protocol.o(i.gizProtocolModuleInfoHandle) refers to gizwits_protocol.o(.bss) for gizwitsProtocol
    gizwits_protocol.o(i.gizProtocolModuleStatus) refers to printf8.o(i.__0printf$8) for __2printf
    gizwits_protocol.o(i.gizProtocolModuleStatus) refers to common.o(i.exchangeBytes) for exchangeBytes
    gizwits_protocol.o(i.gizProtocolModuleStatus) refers to gizwits_protocol.o(.data) for lastStatus
    gizwits_protocol.o(i.gizProtocolModuleStatus) refers to gizwits_protocol.o(.bss) for gizwitsProtocol
    gizwits_protocol.o(i.gizProtocolNTP) refers to printf8.o(i.__0printf$8) for __2printf
    gizwits_protocol.o(i.gizProtocolNTP) refers to common.o(i.exchangeBytes) for exchangeBytes
    gizwits_protocol.o(i.gizProtocolNTP) refers to common.o(i.exchangeWord) for exchangeWord
    gizwits_protocol.o(i.gizProtocolNTP) refers to gizwits_protocol.o(.bss) for gizwitsProtocol
    gizwits_protocol.o(i.gizProtocolReboot) refers to gizwits_product.o(i.gizGetTimerCount) for gizGetTimerCount
    gizwits_protocol.o(i.gizProtocolReboot) refers to gizwits_product.o(i.mcuRestart) for mcuRestart
    gizwits_protocol.o(i.gizProtocolResendData) refers to printf8.o(i.__0printf$8) for __2printf
    gizwits_protocol.o(i.gizProtocolResendData) refers to gizwits_product.o(i.uartWrite) for uartWrite
    gizwits_protocol.o(i.gizProtocolResendData) refers to gizwits_product.o(i.gizGetTimerCount) for gizGetTimerCount
    gizwits_protocol.o(i.gizProtocolResendData) refers to gizwits_protocol.o(.bss) for gizwitsProtocol
    gizwits_protocol.o(i.gizProtocolWaitAck) refers to printf8.o(i.__0printf$8) for __2printf
    gizwits_protocol.o(i.gizProtocolWaitAck) refers to memseta.o(.text) for __aeabi_memclr4
    gizwits_protocol.o(i.gizProtocolWaitAck) refers to memcpya.o(.text) for __aeabi_memcpy
    gizwits_protocol.o(i.gizProtocolWaitAck) refers to gizwits_product.o(i.gizGetTimerCount) for gizGetTimerCount
    gizwits_protocol.o(i.gizProtocolWaitAck) refers to gizwits_protocol.o(.bss) for gizwitsProtocol
    gizwits_protocol.o(i.gizProtocolWaitAckCheck) refers to printf8.o(i.__0printf$8) for __2printf
    gizwits_protocol.o(i.gizProtocolWaitAckCheck) refers to memseta.o(.text) for __aeabi_memclr4
    gizwits_protocol.o(i.gizProtocolWaitAckCheck) refers to gizwits_protocol.o(.bss) for gizwitsProtocol
    gizwits_protocol.o(i.gizPutData) refers to printf8.o(i.__0printf$8) for __2printf
    gizwits_protocol.o(i.gizPutData) refers to ringbuffer.o(i.rbWrite) for rbWrite
    gizwits_protocol.o(i.gizPutData) refers to gizwits_protocol.o(.bss) for pRb
    gizwits_protocol.o(i.gizReportData) refers to printf8.o(i.__0printf$8) for __2printf
    gizwits_protocol.o(i.gizReportData) refers to gizwits_protocol.o(i.gizProtocolHeadInit) for gizProtocolHeadInit
    gizwits_protocol.o(i.gizReportData) refers to common.o(i.exchangeBytes) for exchangeBytes
    gizwits_protocol.o(i.gizReportData) refers to memcpya.o(.text) for __aeabi_memcpy
    gizwits_protocol.o(i.gizReportData) refers to common.o(i.gizProtocolSum) for gizProtocolSum
    gizwits_protocol.o(i.gizReportData) refers to gizwits_product.o(i.uartWrite) for uartWrite
    gizwits_protocol.o(i.gizReportData) refers to gizwits_protocol.o(i.gizProtocolWaitAck) for gizProtocolWaitAck
    gizwits_protocol.o(i.gizReportData) refers to gizwits_protocol.o(.bss) for gizwitsProtocol
    gizwits_protocol.o(i.gizwitsGetModuleInfo) refers to gizwits_protocol.o(i.gizProtocolHeadInit) for gizProtocolHeadInit
    gizwits_protocol.o(i.gizwitsGetModuleInfo) refers to common.o(i.exchangeBytes) for exchangeBytes
    gizwits_protocol.o(i.gizwitsGetModuleInfo) refers to common.o(i.gizProtocolSum) for gizProtocolSum
    gizwits_protocol.o(i.gizwitsGetModuleInfo) refers to gizwits_product.o(i.uartWrite) for uartWrite
    gizwits_protocol.o(i.gizwitsGetModuleInfo) refers to printf8.o(i.__0printf$8) for __2printf
    gizwits_protocol.o(i.gizwitsGetModuleInfo) refers to gizwits_protocol.o(i.gizProtocolWaitAck) for gizProtocolWaitAck
    gizwits_protocol.o(i.gizwitsGetModuleInfo) refers to gizwits_protocol.o(.bss) for gizwitsProtocol
    gizwits_protocol.o(i.gizwitsGetNTP) refers to gizwits_protocol.o(i.gizProtocolHeadInit) for gizProtocolHeadInit
    gizwits_protocol.o(i.gizwitsGetNTP) refers to common.o(i.exchangeBytes) for exchangeBytes
    gizwits_protocol.o(i.gizwitsGetNTP) refers to common.o(i.gizProtocolSum) for gizProtocolSum
    gizwits_protocol.o(i.gizwitsGetNTP) refers to gizwits_product.o(i.uartWrite) for uartWrite
    gizwits_protocol.o(i.gizwitsGetNTP) refers to printf8.o(i.__0printf$8) for __2printf
    gizwits_protocol.o(i.gizwitsGetNTP) refers to gizwits_protocol.o(i.gizProtocolWaitAck) for gizProtocolWaitAck
    gizwits_protocol.o(i.gizwitsGetNTP) refers to gizwits_protocol.o(.bss) for gizwitsProtocol
    gizwits_protocol.o(i.gizwitsHandle) refers to printf8.o(i.__0printf$8) for __2printf
    gizwits_protocol.o(i.gizwitsHandle) refers to gizwits_protocol.o(i.gizProtocolAckHandle) for gizProtocolAckHandle
    gizwits_protocol.o(i.gizwitsHandle) refers to gizwits_protocol.o(i.gizProtocolGetOnePacket) for gizProtocolGetOnePacket
    gizwits_protocol.o(i.gizwitsHandle) refers to gizwits_protocol.o(i.gizProtocolGetDeviceInfo) for gizProtocolGetDeviceInfo
    gizwits_protocol.o(i.gizwitsHandle) refers to gizwits_protocol.o(i.gizProtocolIssuedProcess) for gizProtocolIssuedProcess
    gizwits_protocol.o(i.gizwitsHandle) refers to gizwits_protocol.o(i.gizProtocolIssuedDataAck) for gizProtocolIssuedDataAck
    gizwits_protocol.o(i.gizwitsHandle) refers to gizwits_protocol.o(i.gizProtocolCommonAck) for gizProtocolCommonAck
    gizwits_protocol.o(i.gizwitsHandle) refers to gizwits_protocol.o(i.gizProtocolModuleStatus) for gizProtocolModuleStatus
    gizwits_protocol.o(i.gizwitsHandle) refers to gizwits_protocol.o(i.gizProtocolWaitAckCheck) for gizProtocolWaitAckCheck
    gizwits_protocol.o(i.gizwitsHandle) refers to gizwits_protocol.o(i.gizProtocolReboot) for gizProtocolReboot
    gizwits_protocol.o(i.gizwitsHandle) refers to gizwits_protocol.o(i.gizProtocolNTP) for gizProtocolNTP
    gizwits_protocol.o(i.gizwitsHandle) refers to gizwits_protocol.o(i.gizProtocolModuleInfoHandle) for gizProtocolModuleInfoHandle
    gizwits_protocol.o(i.gizwitsHandle) refers to gizwits_protocol.o(i.gizProtocolErrorCmd) for gizProtocolErrorCmd
    gizwits_protocol.o(i.gizwitsHandle) refers to gizwits_product.o(i.gizwitsEventProcess) for gizwitsEventProcess
    gizwits_protocol.o(i.gizwitsHandle) refers to memseta.o(.text) for __aeabi_memclr4
    gizwits_protocol.o(i.gizwitsHandle) refers to gizwits_protocol.o(i.gizDevReportPolicy) for gizDevReportPolicy
    gizwits_protocol.o(i.gizwitsHandle) refers to gizwits_protocol.o(.bss) for gizwitsProtocol
    gizwits_protocol.o(i.gizwitsInit) refers to ringbuffer.o(i.rbCreate) for rbCreate
    gizwits_protocol.o(i.gizwitsInit) refers to printf8.o(i.__0printf$8) for __2printf
    gizwits_protocol.o(i.gizwitsInit) refers to memseta.o(.text) for __aeabi_memclr4
    gizwits_protocol.o(i.gizwitsInit) refers to gizwits_protocol.o(.bss) for pRb
    gizwits_protocol.o(i.gizwitsPassthroughData) refers to printf8.o(i.__0printf$8) for __2printf
    gizwits_protocol.o(i.gizwitsPassthroughData) refers to memcpya.o(.text) for __aeabi_memcpy
    gizwits_protocol.o(i.gizwitsPassthroughData) refers to common.o(i.gizProtocolSum) for gizProtocolSum
    gizwits_protocol.o(i.gizwitsPassthroughData) refers to gizwits_product.o(i.uartWrite) for uartWrite
    gizwits_protocol.o(i.gizwitsPassthroughData) refers to gizwits_protocol.o(i.gizProtocolWaitAck) for gizProtocolWaitAck
    gizwits_protocol.o(i.gizwitsPassthroughData) refers to gizwits_protocol.o(.bss) for gizwitsProtocol
    gizwits_protocol.o(i.gizwitsSetMode) refers to gizwits_protocol.o(i.gizProtocolHeadInit) for gizProtocolHeadInit
    gizwits_protocol.o(i.gizwitsSetMode) refers to common.o(i.exchangeBytes) for exchangeBytes
    gizwits_protocol.o(i.gizwitsSetMode) refers to common.o(i.gizProtocolSum) for gizProtocolSum
    gizwits_protocol.o(i.gizwitsSetMode) refers to gizwits_product.o(i.uartWrite) for uartWrite
    gizwits_protocol.o(i.gizwitsSetMode) refers to printf8.o(i.__0printf$8) for __2printf
    gizwits_protocol.o(i.gizwitsSetMode) refers to gizwits_protocol.o(i.gizProtocolWaitAck) for gizProtocolWaitAck
    gizwits_protocol.o(i.gizwitsSetMode) refers to gizwits_protocol.o(.bss) for gizwitsProtocol
    common.o(i.checkStringIsNotZero) refers to strlen.o(.text) for strlen
    common.o(i.get_yeardays) refers to common.o(i.isleap) for isleap
    common.o(i.returnNtp2Wt) refers to memcpya.o(.text) for __aeabi_memcpy4
    common.o(i.returnNtp2Wt) refers to common.o(i.get_yeardays) for get_yeardays
    common.o(i.returnNtp2Wt) refers to common.o(i.isleap) for isleap
    common.o(i.returnNtp2Wt) refers to common.o(.constdata) for .constdata
    common.o(i.str2Hex) refers to toupper.o(.text) for toupper
    datapointtools.o(i.gizStandardCompressValue) refers to datapointtools.o(i.gizAcrossByteJudge) for gizAcrossByteJudge
    datapointtools.o(i.gizStandardDecompressionValue) refers to memcpya.o(.text) for __aeabi_memcpy
    datapointtools.o(i.gizStandardDecompressionValue) refers to datapointtools.o(i.gizByteOrderExchange) for gizByteOrderExchange
    datapointtools.o(i.gizStandardDecompressionValue) refers to datapointtools.o(i.gizAcrossByteJudge) for gizAcrossByteJudge
    datapointtools.o(i.gizVarlenCompressValue) refers to datapointtools.o(i.gizAcrossByteJudge) for gizAcrossByteJudge
    datapointtools.o(i.gizVarlenDecompressionValue) refers to memcpya.o(.text) for __aeabi_memcpy
    datapointtools.o(i.gizVarlenDecompressionValue) refers to datapointtools.o(i.gizByteOrderExchange) for gizByteOrderExchange
    datapointtools.o(i.gizVarlenDecompressionValue) refers to datapointtools.o(i.gizAcrossByteJudge) for gizAcrossByteJudge
    datapointtools.o(i.gizX2YFloat) refers to ffltui.o(.text) for __aeabi_ui2f
    datapointtools.o(i.gizX2YFloat) refers to fmul.o(.text) for __aeabi_fmul
    datapointtools.o(i.gizX2YFloat) refers to fadd.o(.text) for __aeabi_fadd
    datapointtools.o(i.gizY2XFloat) refers to fadd.o(.text) for __aeabi_fsub
    datapointtools.o(i.gizY2XFloat) refers to fdiv.o(.text) for __aeabi_fdiv
    datapointtools.o(i.gizY2XFloat) refers to ffixui.o(.text) for __aeabi_f2uiz
    ringbuffer.o(i.rbCanRead) refers to ringbuffer.o(i.rbCapacity) for rbCapacity
    ringbuffer.o(i.rbCanWrite) refers to ringbuffer.o(i.rbCapacity) for rbCapacity
    ringbuffer.o(i.rbCanWrite) refers to ringbuffer.o(i.rbCanRead) for rbCanRead
    ringbuffer.o(i.rbRead) refers to ringbuffer.o(i.rbCanRead) for rbCanRead
    ringbuffer.o(i.rbRead) refers to memcpya.o(.text) for __aeabi_memcpy
    ringbuffer.o(i.rbRead) refers to ringbuffer.o(i.rbCapacity) for rbCapacity
    ringbuffer.o(i.rbWrite) refers to ringbuffer.o(i.rbCanWrite) for rbCanWrite
    ringbuffer.o(i.rbWrite) refers to ringbuffer.o(i.rbCapacity) for rbCapacity
    ringbuffer.o(i.rbWrite) refers to memcpya.o(.text) for __aeabi_memcpy
    entry.o(.ARM.Collect$$$$00000000) refers (Special) to entry10a.o(.ARM.Collect$$$$0000000D) for __rt_final_cpp
    entry.o(.ARM.Collect$$$$00000000) refers (Special) to entry11a.o(.ARM.Collect$$$$0000000F) for __rt_final_exit
    entry.o(.ARM.Collect$$$$00000000) refers (Special) to entry7b.o(.ARM.Collect$$$$00000008) for _main_clock
    entry.o(.ARM.Collect$$$$00000000) refers (Special) to entry8b.o(.ARM.Collect$$$$0000000A) for _main_cpp_init
    entry.o(.ARM.Collect$$$$00000000) refers (Special) to entry9a.o(.ARM.Collect$$$$0000000B) for _main_init
    entry.o(.ARM.Collect$$$$00000000) refers (Special) to entry5.o(.ARM.Collect$$$$00000004) for _main_scatterload
    entry.o(.ARM.Collect$$$$00000000) refers (Special) to entry2.o(.ARM.Collect$$$$00000001) for _main_stk
    printfb.o(i.__0fprintf$bare) refers to printfb.o(i._printf_core) for _printf_core
    printfb.o(i.__0fprintf$bare) refers to usart.o(i.fputc) for fputc
    printfb.o(i.__0printf$bare) refers to printfb.o(i._printf_core) for _printf_core
    printfb.o(i.__0printf$bare) refers to usart.o(i.fputc) for fputc
    printfb.o(i.__0printf$bare) refers to usart.o(.data) for __stdout
    printfb.o(i.__0snprintf$bare) refers to printfb.o(i._printf_core) for _printf_core
    printfb.o(i.__0snprintf$bare) refers to printfb.o(i._snputc) for _snputc
    printfb.o(i.__0sprintf$bare) refers to printfb.o(i._printf_core) for _printf_core
    printfb.o(i.__0sprintf$bare) refers to printfb.o(i._sputc) for _sputc
    printfb.o(i.__0vfprintf$bare) refers to printfb.o(i._printf_core) for _printf_core
    printfb.o(i.__0vfprintf$bare) refers to usart.o(i.fputc) for fputc
    printfb.o(i.__0vprintf$bare) refers to printfb.o(i._printf_core) for _printf_core
    printfb.o(i.__0vprintf$bare) refers to usart.o(i.fputc) for fputc
    printfb.o(i.__0vprintf$bare) refers to usart.o(.data) for __stdout
    printfb.o(i.__0vsnprintf$bare) refers to printfb.o(i._printf_core) for _printf_core
    printfb.o(i.__0vsnprintf$bare) refers to printfb.o(i._snputc) for _snputc
    printfb.o(i.__0vsprintf$bare) refers to printfb.o(i._printf_core) for _printf_core
    printfb.o(i.__0vsprintf$bare) refers to printfb.o(i._sputc) for _sputc
    printf0.o(i.__0fprintf$0) refers to printf0.o(i._printf_core) for _printf_core
    printf0.o(i.__0fprintf$0) refers to usart.o(i.fputc) for fputc
    printf0.o(i.__0printf$0) refers to printf0.o(i._printf_core) for _printf_core
    printf0.o(i.__0printf$0) refers to usart.o(i.fputc) for fputc
    printf0.o(i.__0printf$0) refers to usart.o(.data) for __stdout
    printf0.o(i.__0snprintf$0) refers to printf0.o(i._printf_core) for _printf_core
    printf0.o(i.__0snprintf$0) refers to printf0.o(i._snputc) for _snputc
    printf0.o(i.__0sprintf$0) refers to printf0.o(i._printf_core) for _printf_core
    printf0.o(i.__0sprintf$0) refers to printf0.o(i._sputc) for _sputc
    printf0.o(i.__0vfprintf$0) refers to printf0.o(i._printf_core) for _printf_core
    printf0.o(i.__0vfprintf$0) refers to usart.o(i.fputc) for fputc
    printf0.o(i.__0vprintf$0) refers to printf0.o(i._printf_core) for _printf_core
    printf0.o(i.__0vprintf$0) refers to usart.o(i.fputc) for fputc
    printf0.o(i.__0vprintf$0) refers to usart.o(.data) for __stdout
    printf0.o(i.__0vsnprintf$0) refers to printf0.o(i._printf_core) for _printf_core
    printf0.o(i.__0vsnprintf$0) refers to printf0.o(i._snputc) for _snputc
    printf0.o(i.__0vsprintf$0) refers to printf0.o(i._printf_core) for _printf_core
    printf0.o(i.__0vsprintf$0) refers to printf0.o(i._sputc) for _sputc
    printf1.o(i.__0fprintf$1) refers to printf1.o(i._printf_core) for _printf_core
    printf1.o(i.__0fprintf$1) refers to usart.o(i.fputc) for fputc
    printf1.o(i.__0printf$1) refers to printf1.o(i._printf_core) for _printf_core
    printf1.o(i.__0printf$1) refers to usart.o(i.fputc) for fputc
    printf1.o(i.__0printf$1) refers to usart.o(.data) for __stdout
    printf1.o(i.__0snprintf$1) refers to printf1.o(i._printf_core) for _printf_core
    printf1.o(i.__0snprintf$1) refers to printf1.o(i._snputc) for _snputc
    printf1.o(i.__0sprintf$1) refers to printf1.o(i._printf_core) for _printf_core
    printf1.o(i.__0sprintf$1) refers to printf1.o(i._sputc) for _sputc
    printf1.o(i.__0vfprintf$1) refers to printf1.o(i._printf_core) for _printf_core
    printf1.o(i.__0vfprintf$1) refers to usart.o(i.fputc) for fputc
    printf1.o(i.__0vprintf$1) refers to printf1.o(i._printf_core) for _printf_core
    printf1.o(i.__0vprintf$1) refers to usart.o(i.fputc) for fputc
    printf1.o(i.__0vprintf$1) refers to usart.o(.data) for __stdout
    printf1.o(i.__0vsnprintf$1) refers to printf1.o(i._printf_core) for _printf_core
    printf1.o(i.__0vsnprintf$1) refers to printf1.o(i._snputc) for _snputc
    printf1.o(i.__0vsprintf$1) refers to printf1.o(i._printf_core) for _printf_core
    printf1.o(i.__0vsprintf$1) refers to printf1.o(i._sputc) for _sputc
    printf1.o(i._printf_core) refers to uidiv.o(.text) for __aeabi_uidivmod
    printf2.o(i.__0fprintf$2) refers to printf2.o(i._printf_core) for _printf_core
    printf2.o(i.__0fprintf$2) refers to usart.o(i.fputc) for fputc
    printf2.o(i.__0printf$2) refers to printf2.o(i._printf_core) for _printf_core
    printf2.o(i.__0printf$2) refers to usart.o(i.fputc) for fputc
    printf2.o(i.__0printf$2) refers to usart.o(.data) for __stdout
    printf2.o(i.__0snprintf$2) refers to printf2.o(i._printf_core) for _printf_core
    printf2.o(i.__0snprintf$2) refers to printf2.o(i._snputc) for _snputc
    printf2.o(i.__0sprintf$2) refers to printf2.o(i._printf_core) for _printf_core
    printf2.o(i.__0sprintf$2) refers to printf2.o(i._sputc) for _sputc
    printf2.o(i.__0vfprintf$2) refers to printf2.o(i._printf_core) for _printf_core
    printf2.o(i.__0vfprintf$2) refers to usart.o(i.fputc) for fputc
    printf2.o(i.__0vprintf$2) refers to printf2.o(i._printf_core) for _printf_core
    printf2.o(i.__0vprintf$2) refers to usart.o(i.fputc) for fputc
    printf2.o(i.__0vprintf$2) refers to usart.o(.data) for __stdout
    printf2.o(i.__0vsnprintf$2) refers to printf2.o(i._printf_core) for _printf_core
    printf2.o(i.__0vsnprintf$2) refers to printf2.o(i._snputc) for _snputc
    printf2.o(i.__0vsprintf$2) refers to printf2.o(i._printf_core) for _printf_core
    printf2.o(i.__0vsprintf$2) refers to printf2.o(i._sputc) for _sputc
    printf3.o(i.__0fprintf$3) refers to printf3.o(i._printf_core) for _printf_core
    printf3.o(i.__0fprintf$3) refers to usart.o(i.fputc) for fputc
    printf3.o(i.__0printf$3) refers to printf3.o(i._printf_core) for _printf_core
    printf3.o(i.__0printf$3) refers to usart.o(i.fputc) for fputc
    printf3.o(i.__0printf$3) refers to usart.o(.data) for __stdout
    printf3.o(i.__0snprintf$3) refers to printf3.o(i._printf_core) for _printf_core
    printf3.o(i.__0snprintf$3) refers to printf3.o(i._snputc) for _snputc
    printf3.o(i.__0sprintf$3) refers to printf3.o(i._printf_core) for _printf_core
    printf3.o(i.__0sprintf$3) refers to printf3.o(i._sputc) for _sputc
    printf3.o(i.__0vfprintf$3) refers to printf3.o(i._printf_core) for _printf_core
    printf3.o(i.__0vfprintf$3) refers to usart.o(i.fputc) for fputc
    printf3.o(i.__0vprintf$3) refers to printf3.o(i._printf_core) for _printf_core
    printf3.o(i.__0vprintf$3) refers to usart.o(i.fputc) for fputc
    printf3.o(i.__0vprintf$3) refers to usart.o(.data) for __stdout
    printf3.o(i.__0vsnprintf$3) refers to printf3.o(i._printf_core) for _printf_core
    printf3.o(i.__0vsnprintf$3) refers to printf3.o(i._snputc) for _snputc
    printf3.o(i.__0vsprintf$3) refers to printf3.o(i._printf_core) for _printf_core
    printf3.o(i.__0vsprintf$3) refers to printf3.o(i._sputc) for _sputc
    printf3.o(i._printf_core) refers to uidiv.o(.text) for __aeabi_uidivmod
    printf4.o(i.__0fprintf$4) refers to printf4.o(i._printf_core) for _printf_core
    printf4.o(i.__0fprintf$4) refers to usart.o(i.fputc) for fputc
    printf4.o(i.__0printf$4) refers to printf4.o(i._printf_core) for _printf_core
    printf4.o(i.__0printf$4) refers to usart.o(i.fputc) for fputc
    printf4.o(i.__0printf$4) refers to usart.o(.data) for __stdout
    printf4.o(i.__0snprintf$4) refers to printf4.o(i._printf_core) for _printf_core
    printf4.o(i.__0snprintf$4) refers to printf4.o(i._snputc) for _snputc
    printf4.o(i.__0sprintf$4) refers to printf4.o(i._printf_core) for _printf_core
    printf4.o(i.__0sprintf$4) refers to printf4.o(i._sputc) for _sputc
    printf4.o(i.__0vfprintf$4) refers to printf4.o(i._printf_core) for _printf_core
    printf4.o(i.__0vfprintf$4) refers to usart.o(i.fputc) for fputc
    printf4.o(i.__0vprintf$4) refers to printf4.o(i._printf_core) for _printf_core
    printf4.o(i.__0vprintf$4) refers to usart.o(i.fputc) for fputc
    printf4.o(i.__0vprintf$4) refers to usart.o(.data) for __stdout
    printf4.o(i.__0vsnprintf$4) refers to printf4.o(i._printf_core) for _printf_core
    printf4.o(i.__0vsnprintf$4) refers to printf4.o(i._snputc) for _snputc
    printf4.o(i.__0vsprintf$4) refers to printf4.o(i._printf_core) for _printf_core
    printf4.o(i.__0vsprintf$4) refers to printf4.o(i._sputc) for _sputc
    printf4.o(i._printf_core) refers to uldiv.o(.text) for __aeabi_uldivmod
    printf5.o(i.__0fprintf$5) refers to printf5.o(i._printf_core) for _printf_core
    printf5.o(i.__0fprintf$5) refers to usart.o(i.fputc) for fputc
    printf5.o(i.__0printf$5) refers to printf5.o(i._printf_core) for _printf_core
    printf5.o(i.__0printf$5) refers to usart.o(i.fputc) for fputc
    printf5.o(i.__0printf$5) refers to usart.o(.data) for __stdout
    printf5.o(i.__0snprintf$5) refers to printf5.o(i._printf_core) for _printf_core
    printf5.o(i.__0snprintf$5) refers to printf5.o(i._snputc) for _snputc
    printf5.o(i.__0sprintf$5) refers to printf5.o(i._printf_core) for _printf_core
    printf5.o(i.__0sprintf$5) refers to printf5.o(i._sputc) for _sputc
    printf5.o(i.__0vfprintf$5) refers to printf5.o(i._printf_core) for _printf_core
    printf5.o(i.__0vfprintf$5) refers to usart.o(i.fputc) for fputc
    printf5.o(i.__0vprintf$5) refers to printf5.o(i._printf_core) for _printf_core
    printf5.o(i.__0vprintf$5) refers to usart.o(i.fputc) for fputc
    printf5.o(i.__0vprintf$5) refers to usart.o(.data) for __stdout
    printf5.o(i.__0vsnprintf$5) refers to printf5.o(i._printf_core) for _printf_core
    printf5.o(i.__0vsnprintf$5) refers to printf5.o(i._snputc) for _snputc
    printf5.o(i.__0vsprintf$5) refers to printf5.o(i._printf_core) for _printf_core
    printf5.o(i.__0vsprintf$5) refers to printf5.o(i._sputc) for _sputc
    printf5.o(i._printf_core) refers to uldiv.o(.text) for __aeabi_uldivmod
    printf6.o(i.__0fprintf$6) refers to printf6.o(i._printf_core) for _printf_core
    printf6.o(i.__0fprintf$6) refers to usart.o(i.fputc) for fputc
    printf6.o(i.__0printf$6) refers to printf6.o(i._printf_core) for _printf_core
    printf6.o(i.__0printf$6) refers to usart.o(i.fputc) for fputc
    printf6.o(i.__0printf$6) refers to usart.o(.data) for __stdout
    printf6.o(i.__0snprintf$6) refers to printf6.o(i._printf_core) for _printf_core
    printf6.o(i.__0snprintf$6) refers to printf6.o(i._snputc) for _snputc
    printf6.o(i.__0sprintf$6) refers to printf6.o(i._printf_core) for _printf_core
    printf6.o(i.__0sprintf$6) refers to printf6.o(i._sputc) for _sputc
    printf6.o(i.__0vfprintf$6) refers to printf6.o(i._printf_core) for _printf_core
    printf6.o(i.__0vfprintf$6) refers to usart.o(i.fputc) for fputc
    printf6.o(i.__0vprintf$6) refers to printf6.o(i._printf_core) for _printf_core
    printf6.o(i.__0vprintf$6) refers to usart.o(i.fputc) for fputc
    printf6.o(i.__0vprintf$6) refers to usart.o(.data) for __stdout
    printf6.o(i.__0vsnprintf$6) refers to printf6.o(i._printf_core) for _printf_core
    printf6.o(i.__0vsnprintf$6) refers to printf6.o(i._snputc) for _snputc
    printf6.o(i.__0vsprintf$6) refers to printf6.o(i._printf_core) for _printf_core
    printf6.o(i.__0vsprintf$6) refers to printf6.o(i._sputc) for _sputc
    printf6.o(i._printf_core) refers to printf6.o(i._printf_pre_padding) for _printf_pre_padding
    printf6.o(i._printf_core) refers to uidiv.o(.text) for __aeabi_uidivmod
    printf6.o(i._printf_core) refers to printf6.o(i._printf_post_padding) for _printf_post_padding
    printf7.o(i.__0fprintf$7) refers to printf7.o(i._printf_core) for _printf_core
    printf7.o(i.__0fprintf$7) refers to usart.o(i.fputc) for fputc
    printf7.o(i.__0printf$7) refers to printf7.o(i._printf_core) for _printf_core
    printf7.o(i.__0printf$7) refers to usart.o(i.fputc) for fputc
    printf7.o(i.__0printf$7) refers to usart.o(.data) for __stdout
    printf7.o(i.__0snprintf$7) refers to printf7.o(i._printf_core) for _printf_core
    printf7.o(i.__0snprintf$7) refers to printf7.o(i._snputc) for _snputc
    printf7.o(i.__0sprintf$7) refers to printf7.o(i._printf_core) for _printf_core
    printf7.o(i.__0sprintf$7) refers to printf7.o(i._sputc) for _sputc
    printf7.o(i.__0vfprintf$7) refers to printf7.o(i._printf_core) for _printf_core
    printf7.o(i.__0vfprintf$7) refers to usart.o(i.fputc) for fputc
    printf7.o(i.__0vprintf$7) refers to printf7.o(i._printf_core) for _printf_core
    printf7.o(i.__0vprintf$7) refers to usart.o(i.fputc) for fputc
    printf7.o(i.__0vprintf$7) refers to usart.o(.data) for __stdout
    printf7.o(i.__0vsnprintf$7) refers to printf7.o(i._printf_core) for _printf_core
    printf7.o(i.__0vsnprintf$7) refers to printf7.o(i._snputc) for _snputc
    printf7.o(i.__0vsprintf$7) refers to printf7.o(i._printf_core) for _printf_core
    printf7.o(i.__0vsprintf$7) refers to printf7.o(i._sputc) for _sputc
    printf7.o(i._printf_core) refers to printf7.o(i._printf_pre_padding) for _printf_pre_padding
    printf7.o(i._printf_core) refers to uldiv.o(.text) for __aeabi_uldivmod
    printf7.o(i._printf_core) refers to printf7.o(i._printf_post_padding) for _printf_post_padding
    printf8.o(i.__0fprintf$8) refers to printf8.o(i._printf_core) for _printf_core
    printf8.o(i.__0fprintf$8) refers to usart.o(i.fputc) for fputc
    printf8.o(i.__0printf$8) refers to printf8.o(i._printf_core) for _printf_core
    printf8.o(i.__0printf$8) refers to usart.o(i.fputc) for fputc
    printf8.o(i.__0printf$8) refers to usart.o(.data) for __stdout
    printf8.o(i.__0snprintf$8) refers to printf8.o(i._printf_core) for _printf_core
    printf8.o(i.__0snprintf$8) refers to printf8.o(i._snputc) for _snputc
    printf8.o(i.__0sprintf$8) refers to printf8.o(i._printf_core) for _printf_core
    printf8.o(i.__0sprintf$8) refers to printf8.o(i._sputc) for _sputc
    printf8.o(i.__0vfprintf$8) refers to printf8.o(i._printf_core) for _printf_core
    printf8.o(i.__0vfprintf$8) refers to usart.o(i.fputc) for fputc
    printf8.o(i.__0vprintf$8) refers to printf8.o(i._printf_core) for _printf_core
    printf8.o(i.__0vprintf$8) refers to usart.o(i.fputc) for fputc
    printf8.o(i.__0vprintf$8) refers to usart.o(.data) for __stdout
    printf8.o(i.__0vsnprintf$8) refers to printf8.o(i._printf_core) for _printf_core
    printf8.o(i.__0vsnprintf$8) refers to printf8.o(i._snputc) for _snputc
    printf8.o(i.__0vsprintf$8) refers to printf8.o(i._printf_core) for _printf_core
    printf8.o(i.__0vsprintf$8) refers to printf8.o(i._sputc) for _sputc
    printf8.o(i._printf_core) refers to printf8.o(i._printf_pre_padding) for _printf_pre_padding
    printf8.o(i._printf_core) refers to uldiv.o(.text) for __aeabi_uldivmod
    printf8.o(i._printf_core) refers to printf8.o(i._printf_post_padding) for _printf_post_padding
    printfa.o(i.__0fprintf) refers (Special) to iusefp.o(.text) for __I$use$fp
    printfa.o(i.__0fprintf) refers to printfa.o(i._printf_core) for _printf_core
    printfa.o(i.__0fprintf) refers to usart.o(i.fputc) for fputc
    printfa.o(i.__0printf) refers (Special) to iusefp.o(.text) for __I$use$fp
    printfa.o(i.__0printf) refers to printfa.o(i._printf_core) for _printf_core
    printfa.o(i.__0printf) refers to usart.o(i.fputc) for fputc
    printfa.o(i.__0printf) refers to usart.o(.data) for __stdout
    printfa.o(i.__0snprintf) refers (Special) to iusefp.o(.text) for __I$use$fp
    printfa.o(i.__0snprintf) refers to printfa.o(i._printf_core) for _printf_core
    printfa.o(i.__0snprintf) refers to printfa.o(i._snputc) for _snputc
    printfa.o(i.__0sprintf) refers (Special) to iusefp.o(.text) for __I$use$fp
    printfa.o(i.__0sprintf) refers to printfa.o(i._printf_core) for _printf_core
    printfa.o(i.__0sprintf) refers to printfa.o(i._sputc) for _sputc
    printfa.o(i.__0vfprintf) refers (Special) to iusefp.o(.text) for __I$use$fp
    printfa.o(i.__0vfprintf) refers to printfa.o(i._printf_core) for _printf_core
    printfa.o(i.__0vfprintf) refers to usart.o(i.fputc) for fputc
    printfa.o(i.__0vprintf) refers (Special) to iusefp.o(.text) for __I$use$fp
    printfa.o(i.__0vprintf) refers to printfa.o(i._printf_core) for _printf_core
    printfa.o(i.__0vprintf) refers to usart.o(i.fputc) for fputc
    printfa.o(i.__0vprintf) refers to usart.o(.data) for __stdout
    printfa.o(i.__0vsnprintf) refers (Special) to iusefp.o(.text) for __I$use$fp
    printfa.o(i.__0vsnprintf) refers to printfa.o(i._printf_core) for _printf_core
    printfa.o(i.__0vsnprintf) refers to printfa.o(i._snputc) for _snputc
    printfa.o(i.__0vsprintf) refers (Special) to iusefp.o(.text) for __I$use$fp
    printfa.o(i.__0vsprintf) refers to printfa.o(i._printf_core) for _printf_core
    printfa.o(i.__0vsprintf) refers to printfa.o(i._sputc) for _sputc
    printfa.o(i._fp_digits) refers (Special) to iusefp.o(.text) for __I$use$fp
    printfa.o(i._fp_digits) refers to dmul.o(.text) for __aeabi_dmul
    printfa.o(i._fp_digits) refers to ddiv.o(.text) for __aeabi_ddiv
    printfa.o(i._fp_digits) refers to cdrcmple.o(.text) for __aeabi_cdrcmple
    printfa.o(i._fp_digits) refers to dadd.o(.text) for __aeabi_dadd
    printfa.o(i._fp_digits) refers to dfixul.o(.text) for __aeabi_d2ulz
    printfa.o(i._fp_digits) refers to uldiv.o(.text) for __aeabi_uldivmod
    printfa.o(i._printf_core) refers (Special) to iusefp.o(.text) for __I$use$fp
    printfa.o(i._printf_core) refers to printfa.o(i._printf_pre_padding) for _printf_pre_padding
    printfa.o(i._printf_core) refers to uldiv.o(.text) for __aeabi_uldivmod
    printfa.o(i._printf_core) refers to printfa.o(i._printf_post_padding) for _printf_post_padding
    printfa.o(i._printf_core) refers to printfa.o(i._fp_digits) for _fp_digits
    printfa.o(i._printf_core) refers to uidiv.o(.text) for __aeabi_uidivmod
    printfa.o(i._printf_post_padding) refers (Special) to iusefp.o(.text) for __I$use$fp
    printfa.o(i._printf_pre_padding) refers (Special) to iusefp.o(.text) for __I$use$fp
    printfa.o(i._snputc) refers (Special) to iusefp.o(.text) for __I$use$fp
    printfa.o(i._sputc) refers (Special) to iusefp.o(.text) for __I$use$fp
    fadd.o(.text) refers (Special) to iusefp.o(.text) for __I$use$fp
    fadd.o(.text) refers to fepilogue.o(.text) for _float_epilogue
    fmul.o(.text) refers (Special) to iusefp.o(.text) for __I$use$fp
    fdiv.o(.text) refers (Special) to iusefp.o(.text) for __I$use$fp
    fdiv.o(.text) refers to fepilogue.o(.text) for _float_round
    ffltui.o(.text) refers (Special) to iusefp.o(.text) for __I$use$fp
    ffltui.o(.text) refers to fepilogue.o(.text) for _float_epilogue
    ffixui.o(.text) refers (Special) to iusefp.o(.text) for __I$use$fp
    cfcmple.o(.text) refers (Special) to iusefp.o(.text) for __I$use$fp
    entry2.o(.ARM.Collect$$$$00000001) refers to entry2.o(.ARM.Collect$$$$00002712) for __lit__00000000
    entry2.o(.ARM.Collect$$$$00002712) refers to startup_stm32f10x_hd.o(STACK) for __initial_sp
    entry2.o(__vectab_stack_and_reset_area) refers to startup_stm32f10x_hd.o(STACK) for __initial_sp
    entry2.o(__vectab_stack_and_reset_area) refers to entry.o(.ARM.Collect$$$$00000000) for __main
    entry5.o(.ARM.Collect$$$$00000004) refers to init.o(.text) for __scatterload
    entry9a.o(.ARM.Collect$$$$0000000B) refers to main.o(i.main) for main
    entry9b.o(.ARM.Collect$$$$0000000C) refers to main.o(i.main) for main
    uldiv.o(.text) refers to llushr.o(.text) for __aeabi_llsr
    uldiv.o(.text) refers to llshl.o(.text) for __aeabi_llsl
    dadd.o(.text) refers to llshl.o(.text) for __aeabi_llsl
    dadd.o(.text) refers to llsshr.o(.text) for __aeabi_lasr
    dadd.o(.text) refers to depilogue.o(.text) for _double_epilogue
    dmul.o(.text) refers to depilogue.o(.text) for _double_epilogue
    ddiv.o(.text) refers to depilogue.o(.text) for _double_round
    dfixul.o(.text) refers to llushr.o(.text) for __aeabi_llsr
    dfixul.o(.text) refers to llshl.o(.text) for __aeabi_llsl
    init.o(.text) refers to entry5.o(.ARM.Collect$$$$00000004) for __main_after_scatterload
    depilogue.o(.text) refers to llshl.o(.text) for __aeabi_llsl
    depilogue.o(.text) refers to llushr.o(.text) for __aeabi_llsr


==============================================================================

Removing Unused input sections from the image.

    Removing main.o(.data), (25 bytes).
    Removing stm32f10x_it.o(i.PendSV_Handler), (2 bytes).
    Removing stm32f10x_it.o(i.SVC_Handler), (2 bytes).
    Removing stm32f10x_it.o(i.SysTick_Handler), (2 bytes).
    Removing core_cm3.o(.emb_text), (32 bytes).
    Removing usart.o(i.USART3_SendData), (28 bytes).
    Removing usart.o(i.USART3_SendString), (28 bytes).
    Removing usart.o(i.USARTx_SendNByte), (60 bytes).
    Removing usart.o(i._sys_exit), (4 bytes).
    Removing usart.o(i.usart1_getchar), (88 bytes).
    Removing usart.o(i.usart1_init), (176 bytes).
    Removing usart.o(i.usart1_putchar), (36 bytes).
    Removing tim.o(i.TIM7_Int_Init), (96 bytes).
    Removing dht11.o(i.READ_DATA), (12 bytes).
    Removing systick_timer.o(i.SysTicks_NusDelay), (76 bytes).
    Removing oled.o(i.OLED_DisPlay_Off), (28 bytes).
    Removing oled.o(i.OLED_DisPlay_On), (28 bytes).
    Removing oled.o(i.OLED_DrawCircle), (168 bytes).
    Removing oled.o(i.OLED_DrawLine), (172 bytes).
    Removing oled.o(i.OLED_Pow), (22 bytes).
    Removing oled.o(i.OLED_ScrollDisplay), (172 bytes).
    Removing oled.o(i.OLED_ShowChar), (316 bytes).
    Removing oled.o(i.OLED_ShowNum), (140 bytes).
    Removing oled.o(i.OLED_ShowPicture), (214 bytes).
    Removing oled.o(i.OLED_ShowString), (74 bytes).
    Removing sys.o(.emb_text), (6 bytes).
    Removing sys.o(i.INTX_DISABLE), (4 bytes).
    Removing sys.o(i.INTX_ENABLE), (4 bytes).
    Removing sys.o(i.WFI_SET), (4 bytes).
    Removing adc.o(i.adc1_ch11_get_adkey_value), (60 bytes).
    Removing adc.o(i.adc1_ch11_init), (136 bytes).
    Removing as608.o(i.Add_FR), (664 bytes).
    Removing as608.o(i.EnsureMessage), (624 bytes).
    Removing as608.o(i.JudgeStr), (136 bytes).
    Removing as608.o(i.MYUSART_SendData), (28 bytes).
    Removing as608.o(i.PS_DeletChar), (108 bytes).
    Removing as608.o(i.PS_Empty), (58 bytes).
    Removing as608.o(i.PS_GenChar), (70 bytes).
    Removing as608.o(i.PS_GetImage), (58 bytes).
    Removing as608.o(i.PS_HandShake), (128 bytes).
    Removing as608.o(i.PS_HighSpeedSearch), (144 bytes).
    Removing as608.o(i.PS_Match), (58 bytes).
    Removing as608.o(i.PS_ReadNotepad), (96 bytes).
    Removing as608.o(i.PS_ReadSysPara), (240 bytes).
    Removing as608.o(i.PS_RegModel), (58 bytes).
    Removing as608.o(i.PS_Search), (144 bytes).
    Removing as608.o(i.PS_SetAddr), (180 bytes).
    Removing as608.o(i.PS_StaGPIO_Init), (52 bytes).
    Removing as608.o(i.PS_StoreChar), (96 bytes).
    Removing as608.o(i.PS_ValidTempleteNum), (136 bytes).
    Removing as608.o(i.PS_WriteNotepad), (106 bytes).
    Removing as608.o(i.PS_WriteReg), (136 bytes).
    Removing as608.o(i.SendAddr), (52 bytes).
    Removing as608.o(i.SendCheck), (18 bytes).
    Removing as608.o(i.SendFlag), (12 bytes).
    Removing as608.o(i.SendHead), (16 bytes).
    Removing as608.o(i.SendLength), (20 bytes).
    Removing as608.o(i.Sendcmd), (12 bytes).
    Removing as608.o(i.as608_hand_init), (248 bytes).
    Removing as608.o(i.press_FR), (180 bytes).
    Removing as608.o(.bss), (12 bytes).
    Removing as608.o(.data), (10 bytes).
    Removing beep.o(i.beep_init), (44 bytes).
    Removing event_groups.o(i.prvTestWaitCondition), (30 bytes).
    Removing event_groups.o(i.vEventGroupClearBitsCallback), (16 bytes).
    Removing event_groups.o(i.vEventGroupDelete), (42 bytes).
    Removing event_groups.o(i.vEventGroupSetBitsCallback), (16 bytes).
    Removing event_groups.o(i.xEventGroupClearBits), (32 bytes).
    Removing event_groups.o(i.xEventGroupCreate), (26 bytes).
    Removing event_groups.o(i.xEventGroupGetBitsFromISR), (44 bytes).
    Removing event_groups.o(i.xEventGroupSetBits), (146 bytes).
    Removing event_groups.o(i.xEventGroupSync), (164 bytes).
    Removing event_groups.o(i.xEventGroupWaitBits), (200 bytes).
    Removing list.o(i.vListInitialise), (26 bytes).
    Removing list.o(i.vListInitialiseItem), (6 bytes).
    Removing list.o(i.vListInsert), (52 bytes).
    Removing queue.o(i.prvCopyDataFromQueue), (42 bytes).
    Removing queue.o(i.prvCopyDataToQueue), (106 bytes).
    Removing queue.o(i.prvInitialiseNewQueue), (38 bytes).
    Removing queue.o(i.prvIsQueueEmpty), (26 bytes).
    Removing queue.o(i.prvIsQueueFull), (30 bytes).
    Removing queue.o(i.prvUnlockQueue), (126 bytes).
    Removing queue.o(i.uxQueueMessagesWaiting), (18 bytes).
    Removing queue.o(i.uxQueueMessagesWaitingFromISR), (6 bytes).
    Removing queue.o(i.uxQueueSpacesAvailable), (24 bytes).
    Removing queue.o(i.vQueueDelete), (14 bytes).
    Removing queue.o(i.xQueueGenericCreate), (56 bytes).
    Removing queue.o(i.xQueueGenericReceive), (316 bytes).
    Removing queue.o(i.xQueueGenericReset), (128 bytes).
    Removing queue.o(i.xQueueGenericSend), (280 bytes).
    Removing queue.o(i.xQueueGenericSendFromISR), (134 bytes).
    Removing queue.o(i.xQueueGiveFromISR), (120 bytes).
    Removing queue.o(i.xQueueIsQueueEmptyFromISR), (14 bytes).
    Removing queue.o(i.xQueueIsQueueFullFromISR), (18 bytes).
    Removing queue.o(i.xQueuePeekFromISR), (74 bytes).
    Removing queue.o(i.xQueueReceiveFromISR), (130 bytes).
    Removing tasks.o(i.pcTaskGetName), (24 bytes).
    Removing tasks.o(i.prvAddCurrentTaskToDelayedList), (152 bytes).
    Removing tasks.o(i.prvAddNewTaskToReadyList), (180 bytes).
    Removing tasks.o(i.prvCheckTasksWaitingTermination), (100 bytes).
    Removing tasks.o(i.prvDeleteTCB), (18 bytes).
    Removing tasks.o(i.prvIdleTask), (40 bytes).
    Removing tasks.o(i.prvInitialiseNewTask), (128 bytes).
    Removing tasks.o(i.prvInitialiseTaskLists), (104 bytes).
    Removing tasks.o(i.prvTaskIsTaskSuspended), (64 bytes).
    Removing tasks.o(i.ulTaskNotifyTake), (116 bytes).
    Removing tasks.o(i.uxTaskGetNumberOfTasks), (12 bytes).
    Removing tasks.o(i.uxTaskPriorityGet), (36 bytes).
    Removing tasks.o(i.uxTaskPriorityGetFromISR), (56 bytes).
    Removing tasks.o(i.uxTaskResetEventItemValue), (28 bytes).
    Removing tasks.o(i.vTaskDelay), (52 bytes).
    Removing tasks.o(i.vTaskDelayUntil), (116 bytes).
    Removing tasks.o(i.vTaskDelete), (204 bytes).
    Removing tasks.o(i.vTaskEndScheduler), (36 bytes).
    Removing tasks.o(i.vTaskMissedYield), (12 bytes).
    Removing tasks.o(i.vTaskNotifyGiveFromISR), (180 bytes).
    Removing tasks.o(i.vTaskPlaceOnEventList), (32 bytes).
    Removing tasks.o(i.vTaskPlaceOnUnorderedEventList), (44 bytes).
    Removing tasks.o(i.vTaskPrioritySet), (232 bytes).
    Removing tasks.o(i.vTaskResume), (120 bytes).
    Removing tasks.o(i.vTaskSetTimeOutState), (24 bytes).
    Removing tasks.o(i.vTaskStartScheduler), (100 bytes).
    Removing tasks.o(i.vTaskSuspend), (188 bytes).
    Removing tasks.o(i.vTaskSuspendAll), (16 bytes).
    Removing tasks.o(i.xTaskCheckForTimeOut), (92 bytes).
    Removing tasks.o(i.xTaskCreate), (96 bytes).
    Removing tasks.o(i.xTaskGenericNotify), (196 bytes).
    Removing tasks.o(i.xTaskGenericNotifyFromISR), (252 bytes).
    Removing tasks.o(i.xTaskGetTickCount), (12 bytes).
    Removing tasks.o(i.xTaskGetTickCountFromISR), (12 bytes).
    Removing tasks.o(i.xTaskNotifyStateClear), (52 bytes).
    Removing tasks.o(i.xTaskNotifyWait), (160 bytes).
    Removing tasks.o(i.xTaskRemoveFromEventList), (128 bytes).
    Removing tasks.o(i.xTaskRemoveFromUnorderedEventList), (112 bytes).
    Removing tasks.o(i.xTaskResumeAll), (232 bytes).
    Removing tasks.o(i.xTaskResumeFromISR), (152 bytes).
    Removing heap_4.o(i.prvHeapInit), (124 bytes).
    Removing heap_4.o(i.prvInsertBlockIntoFreeList), (104 bytes).
    Removing heap_4.o(i.pvPortMalloc), (208 bytes).
    Removing heap_4.o(i.vPortFree), (72 bytes).
    Removing heap_4.o(i.vPortInitialiseBlocks), (2 bytes).
    Removing heap_4.o(i.xPortGetFreeHeapSize), (12 bytes).
    Removing heap_4.o(i.xPortGetMinimumEverFreeHeapSize), (12 bytes).
    Removing heap_4.o(.bss), (17408 bytes).
    Removing heap_4.o(.data), (24 bytes).
    Removing port.o(i.prvTaskExitError), (22 bytes).
    Removing port.o(i.pxPortInitialiseStack), (36 bytes).
    Removing port.o(i.vPortEndScheduler), (2 bytes).
    Removing port.o(i.vPortEnterCritical), (36 bytes).
    Removing port.o(i.vPortExitCritical), (32 bytes).
    Removing port.o(i.vPortSetupTimerInterrupt), (20 bytes).
    Removing port.o(i.xPortStartScheduler), (52 bytes).
    Removing port.o(.data), (4 bytes).
    Removing misc.o(i.NVIC_SetVectorTable), (20 bytes).
    Removing misc.o(i.NVIC_SystemLPConfig), (32 bytes).
    Removing misc.o(i.SysTick_CLKSourceConfig), (40 bytes).
    Removing stm32f10x_adc.o(i.ADC_AnalogWatchdogCmd), (20 bytes).
    Removing stm32f10x_adc.o(i.ADC_AnalogWatchdogSingleChannelConfig), (16 bytes).
    Removing stm32f10x_adc.o(i.ADC_AnalogWatchdogThresholdsConfig), (6 bytes).
    Removing stm32f10x_adc.o(i.ADC_AutoInjectedConvCmd), (22 bytes).
    Removing stm32f10x_adc.o(i.ADC_ClearFlag), (6 bytes).
    Removing stm32f10x_adc.o(i.ADC_ClearITPendingBit), (10 bytes).
    Removing stm32f10x_adc.o(i.ADC_Cmd), (22 bytes).
    Removing stm32f10x_adc.o(i.ADC_DMACmd), (22 bytes).
    Removing stm32f10x_adc.o(i.ADC_DeInit), (92 bytes).
    Removing stm32f10x_adc.o(i.ADC_DiscModeChannelCountConfig), (24 bytes).
    Removing stm32f10x_adc.o(i.ADC_DiscModeCmd), (22 bytes).
    Removing stm32f10x_adc.o(i.ADC_ExternalTrigConvCmd), (22 bytes).
    Removing stm32f10x_adc.o(i.ADC_ExternalTrigInjectedConvCmd), (22 bytes).
    Removing stm32f10x_adc.o(i.ADC_ExternalTrigInjectedConvConfig), (16 bytes).
    Removing stm32f10x_adc.o(i.ADC_GetCalibrationStatus), (20 bytes).
    Removing stm32f10x_adc.o(i.ADC_GetConversionValue), (8 bytes).
    Removing stm32f10x_adc.o(i.ADC_GetDualModeConversionValue), (12 bytes).
    Removing stm32f10x_adc.o(i.ADC_GetFlagStatus), (18 bytes).
    Removing stm32f10x_adc.o(i.ADC_GetITStatus), (36 bytes).
    Removing stm32f10x_adc.o(i.ADC_GetInjectedConversionValue), (28 bytes).
    Removing stm32f10x_adc.o(i.ADC_GetResetCalibrationStatus), (20 bytes).
    Removing stm32f10x_adc.o(i.ADC_GetSoftwareStartConvStatus), (20 bytes).
    Removing stm32f10x_adc.o(i.ADC_GetSoftwareStartInjectedConvCmdStatus), (20 bytes).
    Removing stm32f10x_adc.o(i.ADC_ITConfig), (24 bytes).
    Removing stm32f10x_adc.o(i.ADC_Init), (80 bytes).
    Removing stm32f10x_adc.o(i.ADC_InjectedChannelConfig), (130 bytes).
    Removing stm32f10x_adc.o(i.ADC_InjectedDiscModeCmd), (22 bytes).
    Removing stm32f10x_adc.o(i.ADC_InjectedSequencerLengthConfig), (24 bytes).
    Removing stm32f10x_adc.o(i.ADC_RegularChannelConfig), (184 bytes).
    Removing stm32f10x_adc.o(i.ADC_ResetCalibration), (10 bytes).
    Removing stm32f10x_adc.o(i.ADC_SetInjectedOffset), (20 bytes).
    Removing stm32f10x_adc.o(i.ADC_SoftwareStartConvCmd), (22 bytes).
    Removing stm32f10x_adc.o(i.ADC_SoftwareStartInjectedConvCmd), (22 bytes).
    Removing stm32f10x_adc.o(i.ADC_StartCalibration), (10 bytes).
    Removing stm32f10x_adc.o(i.ADC_StructInit), (18 bytes).
    Removing stm32f10x_adc.o(i.ADC_TempSensorVrefintCmd), (36 bytes).
    Removing stm32f10x_bkp.o(i.BKP_ClearFlag), (20 bytes).
    Removing stm32f10x_bkp.o(i.BKP_ClearITPendingBit), (20 bytes).
    Removing stm32f10x_bkp.o(i.BKP_DeInit), (16 bytes).
    Removing stm32f10x_bkp.o(i.BKP_GetFlagStatus), (12 bytes).
    Removing stm32f10x_bkp.o(i.BKP_GetITStatus), (12 bytes).
    Removing stm32f10x_bkp.o(i.BKP_ITConfig), (12 bytes).
    Removing stm32f10x_bkp.o(i.BKP_RTCOutputConfig), (28 bytes).
    Removing stm32f10x_bkp.o(i.BKP_ReadBackupRegister), (28 bytes).
    Removing stm32f10x_bkp.o(i.BKP_SetRTCCalibrationValue), (28 bytes).
    Removing stm32f10x_bkp.o(i.BKP_TamperPinCmd), (12 bytes).
    Removing stm32f10x_bkp.o(i.BKP_TamperPinLevelConfig), (12 bytes).
    Removing stm32f10x_bkp.o(i.BKP_WriteBackupRegister), (28 bytes).
    Removing stm32f10x_can.o(i.CAN_CancelTransmit), (48 bytes).
    Removing stm32f10x_can.o(i.CAN_ClearFlag), (56 bytes).
    Removing stm32f10x_can.o(i.CAN_ClearITPendingBit), (168 bytes).
    Removing stm32f10x_can.o(i.CAN_DBGFreeze), (22 bytes).
    Removing stm32f10x_can.o(i.CAN_DeInit), (56 bytes).
    Removing stm32f10x_can.o(i.CAN_FIFORelease), (22 bytes).
    Removing stm32f10x_can.o(i.CAN_FilterInit), (264 bytes).
    Removing stm32f10x_can.o(i.CAN_GetFlagStatus), (120 bytes).
    Removing stm32f10x_can.o(i.CAN_GetITStatus), (288 bytes).
    Removing stm32f10x_can.o(i.CAN_GetLSBTransmitErrorCounter), (12 bytes).
    Removing stm32f10x_can.o(i.CAN_GetLastErrorCode), (12 bytes).
    Removing stm32f10x_can.o(i.CAN_GetReceiveErrorCounter), (10 bytes).
    Removing stm32f10x_can.o(i.CAN_ITConfig), (18 bytes).
    Removing stm32f10x_can.o(i.CAN_Init), (276 bytes).
    Removing stm32f10x_can.o(i.CAN_MessagePending), (30 bytes).
    Removing stm32f10x_can.o(i.CAN_OperatingModeRequest), (162 bytes).
    Removing stm32f10x_can.o(i.CAN_Receive), (240 bytes).
    Removing stm32f10x_can.o(i.CAN_SlaveStartBank), (52 bytes).
    Removing stm32f10x_can.o(i.CAN_Sleep), (30 bytes).
    Removing stm32f10x_can.o(i.CAN_StructInit), (32 bytes).
    Removing stm32f10x_can.o(i.CAN_TTComModeCmd), (118 bytes).
    Removing stm32f10x_can.o(i.CAN_Transmit), (294 bytes).
    Removing stm32f10x_can.o(i.CAN_TransmitStatus), (160 bytes).
    Removing stm32f10x_can.o(i.CAN_WakeUp), (48 bytes).
    Removing stm32f10x_can.o(i.CheckITStatus), (18 bytes).
    Removing stm32f10x_cec.o(i.CEC_ClearFlag), (36 bytes).
    Removing stm32f10x_cec.o(i.CEC_ClearITPendingBit), (36 bytes).
    Removing stm32f10x_cec.o(i.CEC_Cmd), (32 bytes).
    Removing stm32f10x_cec.o(i.CEC_DeInit), (22 bytes).
    Removing stm32f10x_cec.o(i.CEC_EndOfMessageCmd), (12 bytes).
    Removing stm32f10x_cec.o(i.CEC_GetFlagStatus), (48 bytes).
    Removing stm32f10x_cec.o(i.CEC_GetITStatus), (40 bytes).
    Removing stm32f10x_cec.o(i.CEC_ITConfig), (12 bytes).
    Removing stm32f10x_cec.o(i.CEC_Init), (32 bytes).
    Removing stm32f10x_cec.o(i.CEC_OwnAddressConfig), (12 bytes).
    Removing stm32f10x_cec.o(i.CEC_ReceiveDataByte), (12 bytes).
    Removing stm32f10x_cec.o(i.CEC_SendDataByte), (12 bytes).
    Removing stm32f10x_cec.o(i.CEC_SetPrescaler), (12 bytes).
    Removing stm32f10x_cec.o(i.CEC_StartOfMessage), (12 bytes).
    Removing stm32f10x_crc.o(i.CRC_CalcBlockCRC), (36 bytes).
    Removing stm32f10x_crc.o(i.CRC_CalcCRC), (16 bytes).
    Removing stm32f10x_crc.o(i.CRC_GetCRC), (12 bytes).
    Removing stm32f10x_crc.o(i.CRC_GetIDRegister), (12 bytes).
    Removing stm32f10x_crc.o(i.CRC_ResetDR), (12 bytes).
    Removing stm32f10x_crc.o(i.CRC_SetIDRegister), (12 bytes).
    Removing stm32f10x_dac.o(i.DAC_Cmd), (40 bytes).
    Removing stm32f10x_dac.o(i.DAC_DMACmd), (44 bytes).
    Removing stm32f10x_dac.o(i.DAC_DeInit), (22 bytes).
    Removing stm32f10x_dac.o(i.DAC_DualSoftwareTriggerCmd), (36 bytes).
    Removing stm32f10x_dac.o(i.DAC_GetDataOutputValue), (36 bytes).
    Removing stm32f10x_dac.o(i.DAC_Init), (52 bytes).
    Removing stm32f10x_dac.o(i.DAC_SetChannel1Data), (32 bytes).
    Removing stm32f10x_dac.o(i.DAC_SetChannel2Data), (32 bytes).
    Removing stm32f10x_dac.o(i.DAC_SetDualChannelData), (36 bytes).
    Removing stm32f10x_dac.o(i.DAC_SoftwareTriggerCmd), (44 bytes).
    Removing stm32f10x_dac.o(i.DAC_StructInit), (12 bytes).
    Removing stm32f10x_dac.o(i.DAC_WaveGenerationCmd), (40 bytes).
    Removing stm32f10x_dbgmcu.o(i.DBGMCU_Config), (32 bytes).
    Removing stm32f10x_dbgmcu.o(i.DBGMCU_GetDEVID), (16 bytes).
    Removing stm32f10x_dbgmcu.o(i.DBGMCU_GetREVID), (12 bytes).
    Removing stm32f10x_dma.o(i.DMA_ClearFlag), (28 bytes).
    Removing stm32f10x_dma.o(i.DMA_ClearITPendingBit), (28 bytes).
    Removing stm32f10x_dma.o(i.DMA_Cmd), (24 bytes).
    Removing stm32f10x_dma.o(i.DMA_DeInit), (332 bytes).
    Removing stm32f10x_dma.o(i.DMA_GetCurrDataCounter), (8 bytes).
    Removing stm32f10x_dma.o(i.DMA_GetFlagStatus), (44 bytes).
    Removing stm32f10x_dma.o(i.DMA_GetITStatus), (44 bytes).
    Removing stm32f10x_dma.o(i.DMA_ITConfig), (18 bytes).
    Removing stm32f10x_dma.o(i.DMA_Init), (60 bytes).
    Removing stm32f10x_dma.o(i.DMA_SetCurrDataCounter), (4 bytes).
    Removing stm32f10x_dma.o(i.DMA_StructInit), (26 bytes).
    Removing stm32f10x_exti.o(i.EXTI_ClearFlag), (12 bytes).
    Removing stm32f10x_exti.o(i.EXTI_ClearITPendingBit), (12 bytes).
    Removing stm32f10x_exti.o(i.EXTI_DeInit), (36 bytes).
    Removing stm32f10x_exti.o(i.EXTI_GenerateSWInterrupt), (16 bytes).
    Removing stm32f10x_exti.o(i.EXTI_GetFlagStatus), (24 bytes).
    Removing stm32f10x_exti.o(i.EXTI_GetITStatus), (40 bytes).
    Removing stm32f10x_exti.o(i.EXTI_Init), (148 bytes).
    Removing stm32f10x_exti.o(i.EXTI_StructInit), (16 bytes).
    Removing stm32f10x_flash.o(i.FLASH_ClearFlag), (12 bytes).
    Removing stm32f10x_flash.o(i.FLASH_EnableWriteProtection), (196 bytes).
    Removing stm32f10x_flash.o(i.FLASH_EraseAllBank1Pages), (72 bytes).
    Removing stm32f10x_flash.o(i.FLASH_EraseAllPages), (72 bytes).
    Removing stm32f10x_flash.o(i.FLASH_EraseOptionBytes), (168 bytes).
    Removing stm32f10x_flash.o(i.FLASH_ErasePage), (76 bytes).
    Removing stm32f10x_flash.o(i.FLASH_GetBank1Status), (52 bytes).
    Removing stm32f10x_flash.o(i.FLASH_GetFlagStatus), (48 bytes).
    Removing stm32f10x_flash.o(i.FLASH_GetPrefetchBufferStatus), (24 bytes).
    Removing stm32f10x_flash.o(i.FLASH_GetReadOutProtectionStatus), (24 bytes).
    Removing stm32f10x_flash.o(i.FLASH_GetStatus), (52 bytes).
    Removing stm32f10x_flash.o(i.FLASH_GetUserOptionByte), (12 bytes).
    Removing stm32f10x_flash.o(i.FLASH_GetWriteProtectionOptionByte), (12 bytes).
    Removing stm32f10x_flash.o(i.FLASH_HalfCycleAccessCmd), (28 bytes).
    Removing stm32f10x_flash.o(i.FLASH_ITConfig), (32 bytes).
    Removing stm32f10x_flash.o(i.FLASH_Lock), (20 bytes).
    Removing stm32f10x_flash.o(i.FLASH_LockBank1), (20 bytes).
    Removing stm32f10x_flash.o(i.FLASH_PrefetchBufferCmd), (28 bytes).
    Removing stm32f10x_flash.o(i.FLASH_ProgramHalfWord), (64 bytes).
    Removing stm32f10x_flash.o(i.FLASH_ProgramOptionByteData), (84 bytes).
    Removing stm32f10x_flash.o(i.FLASH_ProgramWord), (108 bytes).
    Removing stm32f10x_flash.o(i.FLASH_ReadOutProtection), (172 bytes).
    Removing stm32f10x_flash.o(i.FLASH_SetLatency), (24 bytes).
    Removing stm32f10x_flash.o(i.FLASH_Unlock), (24 bytes).
    Removing stm32f10x_flash.o(i.FLASH_UnlockBank1), (24 bytes).
    Removing stm32f10x_flash.o(i.FLASH_UserOptionByteConfig), (104 bytes).
    Removing stm32f10x_flash.o(i.FLASH_WaitForLastBank1Operation), (38 bytes).
    Removing stm32f10x_flash.o(i.FLASH_WaitForLastOperation), (38 bytes).
    Removing stm32f10x_fsmc.o(i.FSMC_ClearFlag), (64 bytes).
    Removing stm32f10x_fsmc.o(i.FSMC_ClearITPendingBit), (72 bytes).
    Removing stm32f10x_fsmc.o(i.FSMC_GetECC), (28 bytes).
    Removing stm32f10x_fsmc.o(i.FSMC_GetFlagStatus), (56 bytes).
    Removing stm32f10x_fsmc.o(i.FSMC_GetITStatus), (68 bytes).
    Removing stm32f10x_fsmc.o(i.FSMC_ITConfig), (128 bytes).
    Removing stm32f10x_fsmc.o(i.FSMC_NANDCmd), (92 bytes).
    Removing stm32f10x_fsmc.o(i.FSMC_NANDDeInit), (68 bytes).
    Removing stm32f10x_fsmc.o(i.FSMC_NANDECCCmd), (92 bytes).
    Removing stm32f10x_fsmc.o(i.FSMC_NANDInit), (136 bytes).
    Removing stm32f10x_fsmc.o(i.FSMC_NANDStructInit), (54 bytes).
    Removing stm32f10x_fsmc.o(i.FSMC_NORSRAMCmd), (52 bytes).
    Removing stm32f10x_fsmc.o(i.FSMC_NORSRAMDeInit), (54 bytes).
    Removing stm32f10x_fsmc.o(i.FSMC_NORSRAMInit), (230 bytes).
    Removing stm32f10x_fsmc.o(i.FSMC_NORSRAMStructInit), (114 bytes).
    Removing stm32f10x_fsmc.o(i.FSMC_PCCARDCmd), (48 bytes).
    Removing stm32f10x_fsmc.o(i.FSMC_PCCARDDeInit), (40 bytes).
    Removing stm32f10x_fsmc.o(i.FSMC_PCCARDInit), (132 bytes).
    Removing stm32f10x_fsmc.o(i.FSMC_PCCARDStructInit), (60 bytes).
    Removing stm32f10x_gpio.o(i.GPIO_AFIODeInit), (20 bytes).
    Removing stm32f10x_gpio.o(i.GPIO_DeInit), (200 bytes).
    Removing stm32f10x_gpio.o(i.GPIO_ETH_MediaInterfaceConfig), (12 bytes).
    Removing stm32f10x_gpio.o(i.GPIO_EXTILineConfig), (64 bytes).
    Removing stm32f10x_gpio.o(i.GPIO_EventOutputCmd), (12 bytes).
    Removing stm32f10x_gpio.o(i.GPIO_EventOutputConfig), (32 bytes).
    Removing stm32f10x_gpio.o(i.GPIO_PinLockConfig), (18 bytes).
    Removing stm32f10x_gpio.o(i.GPIO_PinRemapConfig), (144 bytes).
    Removing stm32f10x_gpio.o(i.GPIO_ReadInputData), (8 bytes).
    Removing stm32f10x_gpio.o(i.GPIO_ReadOutputData), (8 bytes).
    Removing stm32f10x_gpio.o(i.GPIO_ReadOutputDataBit), (18 bytes).
    Removing stm32f10x_gpio.o(i.GPIO_StructInit), (16 bytes).
    Removing stm32f10x_gpio.o(i.GPIO_Write), (4 bytes).
    Removing stm32f10x_gpio.o(i.GPIO_WriteBit), (10 bytes).
    Removing stm32f10x_i2c.o(i.I2C_ARPCmd), (24 bytes).
    Removing stm32f10x_i2c.o(i.I2C_AcknowledgeConfig), (24 bytes).
    Removing stm32f10x_i2c.o(i.I2C_CalculatePEC), (24 bytes).
    Removing stm32f10x_i2c.o(i.I2C_CheckEvent), (42 bytes).
    Removing stm32f10x_i2c.o(i.I2C_ClearFlag), (12 bytes).
    Removing stm32f10x_i2c.o(i.I2C_ClearITPendingBit), (12 bytes).
    Removing stm32f10x_i2c.o(i.I2C_Cmd), (24 bytes).
    Removing stm32f10x_i2c.o(i.I2C_DMACmd), (24 bytes).
    Removing stm32f10x_i2c.o(i.I2C_DMALastTransferCmd), (24 bytes).
    Removing stm32f10x_i2c.o(i.I2C_DeInit), (56 bytes).
    Removing stm32f10x_i2c.o(i.I2C_DualAddressCmd), (24 bytes).
    Removing stm32f10x_i2c.o(i.I2C_FastModeDutyCycleConfig), (28 bytes).
    Removing stm32f10x_i2c.o(i.I2C_GeneralCallCmd), (24 bytes).
    Removing stm32f10x_i2c.o(i.I2C_GenerateSTART), (24 bytes).
    Removing stm32f10x_i2c.o(i.I2C_GenerateSTOP), (24 bytes).
    Removing stm32f10x_i2c.o(i.I2C_GetFlagStatus), (58 bytes).
    Removing stm32f10x_i2c.o(i.I2C_GetITStatus), (38 bytes).
    Removing stm32f10x_i2c.o(i.I2C_GetLastEvent), (26 bytes).
    Removing stm32f10x_i2c.o(i.I2C_GetPEC), (8 bytes).
    Removing stm32f10x_i2c.o(i.I2C_ITConfig), (18 bytes).
    Removing stm32f10x_i2c.o(i.I2C_Init), (236 bytes).
    Removing stm32f10x_i2c.o(i.I2C_NACKPositionConfig), (28 bytes).
    Removing stm32f10x_i2c.o(i.I2C_OwnAddress2Config), (22 bytes).
    Removing stm32f10x_i2c.o(i.I2C_PECPositionConfig), (28 bytes).
    Removing stm32f10x_i2c.o(i.I2C_ReadRegister), (22 bytes).
    Removing stm32f10x_i2c.o(i.I2C_ReceiveData), (8 bytes).
    Removing stm32f10x_i2c.o(i.I2C_SMBusAlertConfig), (28 bytes).
    Removing stm32f10x_i2c.o(i.I2C_Send7bitAddress), (18 bytes).
    Removing stm32f10x_i2c.o(i.I2C_SendData), (4 bytes).
    Removing stm32f10x_i2c.o(i.I2C_SoftwareResetCmd), (22 bytes).
    Removing stm32f10x_i2c.o(i.I2C_StretchClockCmd), (24 bytes).
    Removing stm32f10x_i2c.o(i.I2C_StructInit), (30 bytes).
    Removing stm32f10x_i2c.o(i.I2C_TransmitPEC), (24 bytes).
    Removing stm32f10x_iwdg.o(i.IWDG_Enable), (16 bytes).
    Removing stm32f10x_iwdg.o(i.IWDG_GetFlagStatus), (24 bytes).
    Removing stm32f10x_iwdg.o(i.IWDG_ReloadCounter), (16 bytes).
    Removing stm32f10x_iwdg.o(i.IWDG_SetPrescaler), (12 bytes).
    Removing stm32f10x_iwdg.o(i.IWDG_SetReload), (12 bytes).
    Removing stm32f10x_iwdg.o(i.IWDG_WriteAccessCmd), (12 bytes).
    Removing stm32f10x_pwr.o(i.PWR_BackupAccessCmd), (12 bytes).
    Removing stm32f10x_pwr.o(i.PWR_ClearFlag), (20 bytes).
    Removing stm32f10x_pwr.o(i.PWR_DeInit), (22 bytes).
    Removing stm32f10x_pwr.o(i.PWR_EnterSTANDBYMode), (52 bytes).
    Removing stm32f10x_pwr.o(i.PWR_EnterSTOPMode), (64 bytes).
    Removing stm32f10x_pwr.o(i.PWR_GetFlagStatus), (24 bytes).
    Removing stm32f10x_pwr.o(i.PWR_PVDCmd), (12 bytes).
    Removing stm32f10x_pwr.o(i.PWR_PVDLevelConfig), (24 bytes).
    Removing stm32f10x_pwr.o(i.PWR_WakeUpPinCmd), (12 bytes).
    Removing stm32f10x_rcc.o(i.RCC_ADCCLKConfig), (24 bytes).
    Removing stm32f10x_rcc.o(i.RCC_AHBPeriphClockCmd), (32 bytes).
    Removing stm32f10x_rcc.o(i.RCC_APB1PeriphResetCmd), (32 bytes).
    Removing stm32f10x_rcc.o(i.RCC_APB2PeriphResetCmd), (32 bytes).
    Removing stm32f10x_rcc.o(i.RCC_AdjustHSICalibrationValue), (24 bytes).
    Removing stm32f10x_rcc.o(i.RCC_BackupResetCmd), (12 bytes).
    Removing stm32f10x_rcc.o(i.RCC_ClearFlag), (20 bytes).
    Removing stm32f10x_rcc.o(i.RCC_ClearITPendingBit), (12 bytes).
    Removing stm32f10x_rcc.o(i.RCC_ClockSecuritySystemCmd), (12 bytes).
    Removing stm32f10x_rcc.o(i.RCC_DeInit), (76 bytes).
    Removing stm32f10x_rcc.o(i.RCC_GetFlagStatus), (60 bytes).
    Removing stm32f10x_rcc.o(i.RCC_GetITStatus), (24 bytes).
    Removing stm32f10x_rcc.o(i.RCC_GetSYSCLKSource), (16 bytes).
    Removing stm32f10x_rcc.o(i.RCC_HCLKConfig), (24 bytes).
    Removing stm32f10x_rcc.o(i.RCC_HSEConfig), (76 bytes).
    Removing stm32f10x_rcc.o(i.RCC_HSICmd), (12 bytes).
    Removing stm32f10x_rcc.o(i.RCC_ITConfig), (32 bytes).
    Removing stm32f10x_rcc.o(i.RCC_LSEConfig), (52 bytes).
    Removing stm32f10x_rcc.o(i.RCC_LSICmd), (12 bytes).
    Removing stm32f10x_rcc.o(i.RCC_MCOConfig), (12 bytes).
    Removing stm32f10x_rcc.o(i.RCC_PCLK1Config), (24 bytes).
    Removing stm32f10x_rcc.o(i.RCC_PCLK2Config), (24 bytes).
    Removing stm32f10x_rcc.o(i.RCC_PLLCmd), (12 bytes).
    Removing stm32f10x_rcc.o(i.RCC_PLLConfig), (28 bytes).
    Removing stm32f10x_rcc.o(i.RCC_RTCCLKCmd), (12 bytes).
    Removing stm32f10x_rcc.o(i.RCC_RTCCLKConfig), (16 bytes).
    Removing stm32f10x_rcc.o(i.RCC_SYSCLKConfig), (24 bytes).
    Removing stm32f10x_rcc.o(i.RCC_USBCLKConfig), (12 bytes).
    Removing stm32f10x_rcc.o(i.RCC_WaitForHSEStartUp), (56 bytes).
    Removing stm32f10x_rtc.o(i.RTC_ClearFlag), (16 bytes).
    Removing stm32f10x_rtc.o(i.RTC_ClearITPendingBit), (16 bytes).
    Removing stm32f10x_rtc.o(i.RTC_EnterConfigMode), (20 bytes).
    Removing stm32f10x_rtc.o(i.RTC_ExitConfigMode), (20 bytes).
    Removing stm32f10x_rtc.o(i.RTC_GetCounter), (20 bytes).
    Removing stm32f10x_rtc.o(i.RTC_GetDivider), (24 bytes).
    Removing stm32f10x_rtc.o(i.RTC_GetFlagStatus), (24 bytes).
    Removing stm32f10x_rtc.o(i.RTC_GetITStatus), (36 bytes).
    Removing stm32f10x_rtc.o(i.RTC_ITConfig), (32 bytes).
    Removing stm32f10x_rtc.o(i.RTC_SetAlarm), (28 bytes).
    Removing stm32f10x_rtc.o(i.RTC_SetCounter), (28 bytes).
    Removing stm32f10x_rtc.o(i.RTC_SetPrescaler), (32 bytes).
    Removing stm32f10x_rtc.o(i.RTC_WaitForLastTask), (20 bytes).
    Removing stm32f10x_rtc.o(i.RTC_WaitForSynchro), (36 bytes).
    Removing stm32f10x_sdio.o(i.SDIO_CEATAITCmd), (16 bytes).
    Removing stm32f10x_sdio.o(i.SDIO_ClearFlag), (12 bytes).
    Removing stm32f10x_sdio.o(i.SDIO_ClearITPendingBit), (12 bytes).
    Removing stm32f10x_sdio.o(i.SDIO_ClockCmd), (12 bytes).
    Removing stm32f10x_sdio.o(i.SDIO_CmdStructInit), (14 bytes).
    Removing stm32f10x_sdio.o(i.SDIO_CommandCompletionCmd), (12 bytes).
    Removing stm32f10x_sdio.o(i.SDIO_DMACmd), (12 bytes).
    Removing stm32f10x_sdio.o(i.SDIO_DataConfig), (48 bytes).
    Removing stm32f10x_sdio.o(i.SDIO_DataStructInit), (20 bytes).
    Removing stm32f10x_sdio.o(i.SDIO_DeInit), (36 bytes).
    Removing stm32f10x_sdio.o(i.SDIO_GetCommandResponse), (12 bytes).
    Removing stm32f10x_sdio.o(i.SDIO_GetDataCounter), (12 bytes).
    Removing stm32f10x_sdio.o(i.SDIO_GetFIFOCount), (12 bytes).
    Removing stm32f10x_sdio.o(i.SDIO_GetFlagStatus), (24 bytes).
    Removing stm32f10x_sdio.o(i.SDIO_GetITStatus), (24 bytes).
    Removing stm32f10x_sdio.o(i.SDIO_GetPowerState), (16 bytes).
    Removing stm32f10x_sdio.o(i.SDIO_GetResponse), (24 bytes).
    Removing stm32f10x_sdio.o(i.SDIO_ITConfig), (32 bytes).
    Removing stm32f10x_sdio.o(i.SDIO_Init), (48 bytes).
    Removing stm32f10x_sdio.o(i.SDIO_ReadData), (12 bytes).
    Removing stm32f10x_sdio.o(i.SDIO_SendCEATACmd), (12 bytes).
    Removing stm32f10x_sdio.o(i.SDIO_SendCommand), (44 bytes).
    Removing stm32f10x_sdio.o(i.SDIO_SendSDIOSuspendCmd), (12 bytes).
    Removing stm32f10x_sdio.o(i.SDIO_SetPowerState), (28 bytes).
    Removing stm32f10x_sdio.o(i.SDIO_SetSDIOOperation), (12 bytes).
    Removing stm32f10x_sdio.o(i.SDIO_SetSDIOReadWaitMode), (12 bytes).
    Removing stm32f10x_sdio.o(i.SDIO_StartSDIOReadWait), (12 bytes).
    Removing stm32f10x_sdio.o(i.SDIO_StopSDIOReadWait), (12 bytes).
    Removing stm32f10x_sdio.o(i.SDIO_StructInit), (16 bytes).
    Removing stm32f10x_sdio.o(i.SDIO_WriteData), (12 bytes).
    Removing stm32f10x_spi.o(i.I2S_Cmd), (24 bytes).
    Removing stm32f10x_spi.o(i.I2S_Init), (232 bytes).
    Removing stm32f10x_spi.o(i.I2S_StructInit), (20 bytes).
    Removing stm32f10x_spi.o(i.SPI_BiDirectionalLineConfig), (28 bytes).
    Removing stm32f10x_spi.o(i.SPI_CalculateCRC), (24 bytes).
    Removing stm32f10x_spi.o(i.SPI_Cmd), (24 bytes).
    Removing stm32f10x_spi.o(i.SPI_DataSizeConfig), (18 bytes).
    Removing stm32f10x_spi.o(i.SPI_GetCRC), (16 bytes).
    Removing stm32f10x_spi.o(i.SPI_GetCRCPolynomial), (6 bytes).
    Removing stm32f10x_spi.o(i.SPI_I2S_ClearFlag), (6 bytes).
    Removing stm32f10x_spi.o(i.SPI_I2S_ClearITPendingBit), (20 bytes).
    Removing stm32f10x_spi.o(i.SPI_I2S_DMACmd), (18 bytes).
    Removing stm32f10x_spi.o(i.SPI_I2S_DeInit), (88 bytes).
    Removing stm32f10x_spi.o(i.SPI_I2S_GetFlagStatus), (18 bytes).
    Removing stm32f10x_spi.o(i.SPI_I2S_GetITStatus), (52 bytes).
    Removing stm32f10x_spi.o(i.SPI_I2S_ITConfig), (32 bytes).
    Removing stm32f10x_spi.o(i.SPI_I2S_ReceiveData), (6 bytes).
    Removing stm32f10x_spi.o(i.SPI_I2S_SendData), (4 bytes).
    Removing stm32f10x_spi.o(i.SPI_Init), (60 bytes).
    Removing stm32f10x_spi.o(i.SPI_NSSInternalSoftwareConfig), (30 bytes).
    Removing stm32f10x_spi.o(i.SPI_SSOutputCmd), (24 bytes).
    Removing stm32f10x_spi.o(i.SPI_StructInit), (24 bytes).
    Removing stm32f10x_spi.o(i.SPI_TransmitCRC), (10 bytes).
    Removing stm32f10x_tim.o(i.TI1_Config), (128 bytes).
    Removing stm32f10x_tim.o(i.TI2_Config), (152 bytes).
    Removing stm32f10x_tim.o(i.TI3_Config), (144 bytes).
    Removing stm32f10x_tim.o(i.TI4_Config), (152 bytes).
    Removing stm32f10x_tim.o(i.TIM_ARRPreloadConfig), (24 bytes).
    Removing stm32f10x_tim.o(i.TIM_BDTRConfig), (32 bytes).
    Removing stm32f10x_tim.o(i.TIM_BDTRStructInit), (18 bytes).
    Removing stm32f10x_tim.o(i.TIM_CCPreloadControl), (24 bytes).
    Removing stm32f10x_tim.o(i.TIM_CCxCmd), (30 bytes).
    Removing stm32f10x_tim.o(i.TIM_CCxNCmd), (30 bytes).
    Removing stm32f10x_tim.o(i.TIM_ClearOC1Ref), (18 bytes).
    Removing stm32f10x_tim.o(i.TIM_ClearOC2Ref), (24 bytes).
    Removing stm32f10x_tim.o(i.TIM_ClearOC3Ref), (18 bytes).
    Removing stm32f10x_tim.o(i.TIM_ClearOC4Ref), (24 bytes).
    Removing stm32f10x_tim.o(i.TIM_CounterModeConfig), (18 bytes).
    Removing stm32f10x_tim.o(i.TIM_CtrlPWMOutputs), (30 bytes).
    Removing stm32f10x_tim.o(i.TIM_DMACmd), (18 bytes).
    Removing stm32f10x_tim.o(i.TIM_DMAConfig), (10 bytes).
    Removing stm32f10x_tim.o(i.TIM_DeInit), (488 bytes).
    Removing stm32f10x_tim.o(i.TIM_ETRClockMode1Config), (54 bytes).
    Removing stm32f10x_tim.o(i.TIM_ETRClockMode2Config), (32 bytes).
    Removing stm32f10x_tim.o(i.TIM_ETRConfig), (28 bytes).
    Removing stm32f10x_tim.o(i.TIM_EncoderInterfaceConfig), (66 bytes).
    Removing stm32f10x_tim.o(i.TIM_ForcedOC1Config), (18 bytes).
    Removing stm32f10x_tim.o(i.TIM_ForcedOC2Config), (26 bytes).
    Removing stm32f10x_tim.o(i.TIM_ForcedOC3Config), (18 bytes).
    Removing stm32f10x_tim.o(i.TIM_ForcedOC4Config), (26 bytes).
    Removing stm32f10x_tim.o(i.TIM_GenerateEvent), (4 bytes).
    Removing stm32f10x_tim.o(i.TIM_GetCapture1), (6 bytes).
    Removing stm32f10x_tim.o(i.TIM_GetCapture2), (6 bytes).
    Removing stm32f10x_tim.o(i.TIM_GetCapture3), (6 bytes).
    Removing stm32f10x_tim.o(i.TIM_GetCapture4), (8 bytes).
    Removing stm32f10x_tim.o(i.TIM_GetCounter), (6 bytes).
    Removing stm32f10x_tim.o(i.TIM_GetPrescaler), (6 bytes).
    Removing stm32f10x_tim.o(i.TIM_ICInit), (172 bytes).
    Removing stm32f10x_tim.o(i.TIM_ICStructInit), (18 bytes).
    Removing stm32f10x_tim.o(i.TIM_ITRxExternalClockConfig), (24 bytes).
    Removing stm32f10x_tim.o(i.TIM_InternalClockConfig), (12 bytes).
    Removing stm32f10x_tim.o(i.TIM_OC1FastConfig), (18 bytes).
    Removing stm32f10x_tim.o(i.TIM_OC1Init), (152 bytes).
    Removing stm32f10x_tim.o(i.TIM_OC1NPolarityConfig), (18 bytes).
    Removing stm32f10x_tim.o(i.TIM_OC1PolarityConfig), (18 bytes).
    Removing stm32f10x_tim.o(i.TIM_OC1PreloadConfig), (18 bytes).
    Removing stm32f10x_tim.o(i.TIM_OC2FastConfig), (26 bytes).
    Removing stm32f10x_tim.o(i.TIM_OC2Init), (164 bytes).
    Removing stm32f10x_tim.o(i.TIM_OC2NPolarityConfig), (26 bytes).
    Removing stm32f10x_tim.o(i.TIM_OC2PolarityConfig), (26 bytes).
    Removing stm32f10x_tim.o(i.TIM_OC2PreloadConfig), (26 bytes).
    Removing stm32f10x_tim.o(i.TIM_OC3FastConfig), (18 bytes).
    Removing stm32f10x_tim.o(i.TIM_OC3NPolarityConfig), (26 bytes).
    Removing stm32f10x_tim.o(i.TIM_OC3PolarityConfig), (26 bytes).
    Removing stm32f10x_tim.o(i.TIM_OC4FastConfig), (26 bytes).
    Removing stm32f10x_tim.o(i.TIM_OC4Init), (124 bytes).
    Removing stm32f10x_tim.o(i.TIM_OC4PolarityConfig), (26 bytes).
    Removing stm32f10x_tim.o(i.TIM_OC4PreloadConfig), (26 bytes).
    Removing stm32f10x_tim.o(i.TIM_OCStructInit), (20 bytes).
    Removing stm32f10x_tim.o(i.TIM_PWMIConfig), (124 bytes).
    Removing stm32f10x_tim.o(i.TIM_PrescalerConfig), (6 bytes).
    Removing stm32f10x_tim.o(i.TIM_SelectCCDMA), (24 bytes).
    Removing stm32f10x_tim.o(i.TIM_SelectCOM), (24 bytes).
    Removing stm32f10x_tim.o(i.TIM_SelectHallSensor), (24 bytes).
    Removing stm32f10x_tim.o(i.TIM_SelectInputTrigger), (18 bytes).
    Removing stm32f10x_tim.o(i.TIM_SelectMasterSlaveMode), (18 bytes).
    Removing stm32f10x_tim.o(i.TIM_SelectOCxM), (82 bytes).
    Removing stm32f10x_tim.o(i.TIM_SelectOnePulseMode), (18 bytes).
    Removing stm32f10x_tim.o(i.TIM_SelectOutputTrigger), (18 bytes).
    Removing stm32f10x_tim.o(i.TIM_SelectSlaveMode), (18 bytes).
    Removing stm32f10x_tim.o(i.TIM_SetClockDivision), (18 bytes).
    Removing stm32f10x_tim.o(i.TIM_SetCompare1), (4 bytes).
    Removing stm32f10x_tim.o(i.TIM_SetCompare2), (4 bytes).
    Removing stm32f10x_tim.o(i.TIM_SetCompare4), (6 bytes).
    Removing stm32f10x_tim.o(i.TIM_SetCounter), (4 bytes).
    Removing stm32f10x_tim.o(i.TIM_SetIC1Prescaler), (18 bytes).
    Removing stm32f10x_tim.o(i.TIM_SetIC2Prescaler), (26 bytes).
    Removing stm32f10x_tim.o(i.TIM_SetIC3Prescaler), (18 bytes).
    Removing stm32f10x_tim.o(i.TIM_SetIC4Prescaler), (26 bytes).
    Removing stm32f10x_tim.o(i.TIM_TIxExternalClockConfig), (62 bytes).
    Removing stm32f10x_tim.o(i.TIM_TimeBaseStructInit), (18 bytes).
    Removing stm32f10x_tim.o(i.TIM_UpdateDisableConfig), (24 bytes).
    Removing stm32f10x_tim.o(i.TIM_UpdateRequestConfig), (24 bytes).
    Removing stm32f10x_usart.o(i.USART_ClearITPendingBit), (30 bytes).
    Removing stm32f10x_usart.o(i.USART_ClockInit), (34 bytes).
    Removing stm32f10x_usart.o(i.USART_ClockStructInit), (12 bytes).
    Removing stm32f10x_usart.o(i.USART_DMACmd), (18 bytes).
    Removing stm32f10x_usart.o(i.USART_DeInit), (156 bytes).
    Removing stm32f10x_usart.o(i.USART_HalfDuplexCmd), (24 bytes).
    Removing stm32f10x_usart.o(i.USART_IrDACmd), (24 bytes).
    Removing stm32f10x_usart.o(i.USART_IrDAConfig), (18 bytes).
    Removing stm32f10x_usart.o(i.USART_LINBreakDetectLengthConfig), (18 bytes).
    Removing stm32f10x_usart.o(i.USART_LINCmd), (24 bytes).
    Removing stm32f10x_usart.o(i.USART_OneBitMethodCmd), (24 bytes).
    Removing stm32f10x_usart.o(i.USART_OverSampling8Cmd), (22 bytes).
    Removing stm32f10x_usart.o(i.USART_ReceiverWakeUpCmd), (24 bytes).
    Removing stm32f10x_usart.o(i.USART_SendBreak), (10 bytes).
    Removing stm32f10x_usart.o(i.USART_SetAddress), (18 bytes).
    Removing stm32f10x_usart.o(i.USART_SetGuardTime), (16 bytes).
    Removing stm32f10x_usart.o(i.USART_SetPrescaler), (16 bytes).
    Removing stm32f10x_usart.o(i.USART_SmartCardCmd), (24 bytes).
    Removing stm32f10x_usart.o(i.USART_SmartCardNACKCmd), (24 bytes).
    Removing stm32f10x_usart.o(i.USART_StructInit), (24 bytes).
    Removing stm32f10x_usart.o(i.USART_WakeUpConfig), (18 bytes).
    Removing stm32f10x_wwdg.o(i.WWDG_ClearFlag), (12 bytes).
    Removing stm32f10x_wwdg.o(i.WWDG_DeInit), (22 bytes).
    Removing stm32f10x_wwdg.o(i.WWDG_Enable), (16 bytes).
    Removing stm32f10x_wwdg.o(i.WWDG_EnableIT), (12 bytes).
    Removing stm32f10x_wwdg.o(i.WWDG_GetFlagStatus), (12 bytes).
    Removing stm32f10x_wwdg.o(i.WWDG_SetCounter), (16 bytes).
    Removing stm32f10x_wwdg.o(i.WWDG_SetPrescaler), (24 bytes).
    Removing stm32f10x_wwdg.o(i.WWDG_SetWindowValue), (40 bytes).
    Removing system_stm32f10x.o(i.SystemCoreClockUpdate), (164 bytes).
    Removing system_stm32f10x.o(.data), (20 bytes).
    Removing startup_stm32f10x_hd.o(HEAP), (512 bytes).
    Removing gizwits_product.o(i.userInit), (16 bytes).
    Removing gizwits_protocol.o(i.gizwitsGetModuleInfo), (132 bytes).
    Removing gizwits_protocol.o(i.gizwitsGetNTP), (128 bytes).
    Removing gizwits_protocol.o(i.gizwitsPassthroughData), (236 bytes).
    Removing common.o(i.char2hex), (106 bytes).
    Removing common.o(i.checkStringIsNotZero), (46 bytes).
    Removing common.o(i.get_yeardays), (24 bytes).
    Removing common.o(i.hex2Str), (82 bytes).
    Removing common.o(i.isleap), (52 bytes).
    Removing common.o(i.returnNtp2Wt), (284 bytes).
    Removing common.o(i.returnWeekDay), (156 bytes).
    Removing common.o(i.str2Hex), (80 bytes).
    Removing common.o(.constdata), (48 bytes).
    Removing datapointtools.o(i.gizVarlenCompressValue), (124 bytes).
    Removing datapointtools.o(i.gizVarlenDecompressionValue), (196 bytes).
    Removing datapointtools.o(i.gizX2Y), (12 bytes).
    Removing datapointtools.o(i.gizX2YFloat), (42 bytes).
    Removing datapointtools.o(i.gizY2X), (14 bytes).
    Removing ringbuffer.o(i.rbDelete), (24 bytes).
    Removing fmul.o(.text), (100 bytes).
    Removing dadd.o(.text), (334 bytes).
    Removing dmul.o(.text), (228 bytes).
    Removing ddiv.o(.text), (222 bytes).
    Removing dfixul.o(.text), (48 bytes).
    Removing cdrcmple.o(.text), (48 bytes).
    Removing depilogue.o(.text), (186 bytes).

626 unused section(s) (total 51951 bytes) removed from the image.

==============================================================================

Memory Map of the image

  Image Entry point : 0x00000000

  Load Region LR_IROM1 (Base: 0x08000000, Size: 0x000060b0, Max: 0x00040000, ABSOLUTE)

    Execution Region ER_IROM1 (Base: 0x08000000, Size: 0x00006028, Max: 0x00040000, ABSOLUTE)

    Base Addr    Size         Type   Attr      Idx    E Section Name        Object

    0x08000000   0x00000130   Data   RO         4582    RESET               startup_stm32f10x_hd.o
    0x08000130   0x00000000   Code   RO         5014  * .ARM.Collect$$$$00000000  mc_w.l(entry.o)
    0x08000130   0x00000004   Code   RO         5302    .ARM.Collect$$$$00000001  mc_w.l(entry2.o)
    0x08000134   0x00000004   Code   RO         5305    .ARM.Collect$$$$00000004  mc_w.l(entry5.o)
    0x08000138   0x00000000   Code   RO         5307    .ARM.Collect$$$$00000008  mc_w.l(entry7b.o)
    0x08000138   0x00000000   Code   RO         5309    .ARM.Collect$$$$0000000A  mc_w.l(entry8b.o)
    0x08000138   0x00000008   Code   RO         5310    .ARM.Collect$$$$0000000B  mc_w.l(entry9a.o)
    0x08000140   0x00000000   Code   RO         5312    .ARM.Collect$$$$0000000D  mc_w.l(entry10a.o)
    0x08000140   0x00000000   Code   RO         5314    .ARM.Collect$$$$0000000F  mc_w.l(entry11a.o)
    0x08000140   0x00000004   Code   RO         5303    .ARM.Collect$$$$00002712  mc_w.l(entry2.o)
    0x08000144   0x00000096   Code   RO         1508    .emb_text           port.o
    0x080001da   0x00000002   PAD
    0x080001dc   0x00000024   Code   RO         4583    .text               startup_stm32f10x_hd.o
    0x08000200   0x00000024   Code   RO         5019    .text               mc_w.l(memcpya.o)
    0x08000224   0x00000024   Code   RO         5021    .text               mc_w.l(memseta.o)
    0x08000248   0x000000b0   Code   RO         5290    .text               mf_w.l(fadd.o)
    0x080002f8   0x0000007c   Code   RO         5294    .text               mf_w.l(fdiv.o)
    0x08000374   0x0000000a   Code   RO         5296    .text               mf_w.l(ffltui.o)
    0x0800037e   0x00000028   Code   RO         5298    .text               mf_w.l(ffixui.o)
    0x080003a6   0x00000002   PAD
    0x080003a8   0x00000014   Code   RO         5300    .text               mf_w.l(cfcmple.o)
    0x080003bc   0x00000062   Code   RO         5318    .text               mc_w.l(uldiv.o)
    0x0800041e   0x00000000   Code   RO         5320    .text               mc_w.l(iusefp.o)
    0x0800041e   0x0000006e   Code   RO         5321    .text               mf_w.l(fepilogue.o)
    0x0800048c   0x00000024   Code   RO         5333    .text               mc_w.l(init.o)
    0x080004b0   0x0000001e   Code   RO         5335    .text               mc_w.l(llshl.o)
    0x080004ce   0x00000020   Code   RO         5337    .text               mc_w.l(llushr.o)
    0x080004ee   0x00000004   Code   RO          163    i.BusFault_Handler  stm32f10x_it.o
    0x080004f2   0x00000002   PAD
    0x080004f4   0x00000050   Code   RO          408    i.DHT11_RBYTE       dht11.o
    0x08000544   0x00000040   Code   RO          409    i.DHT11_start       dht11.o
    0x08000584   0x00000002   Code   RO          164    i.DebugMon_Handler  stm32f10x_it.o
    0x08000586   0x00000002   PAD
    0x08000588   0x000000a8   Code   RO          410    i.GET_DATA          dht11.o
    0x08000630   0x00000116   Code   RO         2730    i.GPIO_Init         stm32f10x_gpio.o
    0x08000746   0x00000012   Code   RO         2734    i.GPIO_ReadInputDataBit  stm32f10x_gpio.o
    0x08000758   0x00000004   Code   RO         2737    i.GPIO_ResetBits    stm32f10x_gpio.o
    0x0800075c   0x00000004   Code   RO         2738    i.GPIO_SetBits      stm32f10x_gpio.o
    0x08000760   0x00000004   Code   RO          165    i.HardFault_Handler  stm32f10x_it.o
    0x08000764   0x0000002c   Code   RO          243    i.LED_INIT          led.o
    0x08000790   0x00000004   Code   RO          166    i.MemManage_Handler  stm32f10x_it.o
    0x08000794   0x00000002   Code   RO          167    i.NMI_Handler       stm32f10x_it.o
    0x08000796   0x00000002   PAD
    0x08000798   0x00000070   Code   RO         1579    i.NVIC_Init         misc.o
    0x08000808   0x00000014   Code   RO         1580    i.NVIC_PriorityGroupConfig  misc.o
    0x0800081c   0x00000030   Code   RO          483    i.OLED_Clear        oled.o
    0x0800084c   0x0000001c   Code   RO          484    i.OLED_ColorTurn    oled.o
    0x08000868   0x0000002c   Code   RO          487    i.OLED_DisplayTurn  oled.o
    0x08000894   0x00000078   Code   RO          490    i.OLED_DrawPoint    oled.o
    0x0800090c   0x0000016c   Code   RO          491    i.OLED_Init         oled.o
    0x08000a78   0x0000004c   Code   RO          493    i.OLED_Refresh      oled.o
    0x08000ac4   0x00000104   Code   RO          496    i.OLED_ShowChinese  oled.o
    0x08000bc8   0x00000078   Code   RO          500    i.OLED_WR_Byte      oled.o
    0x08000c40   0x00000020   Code   RO         3146    i.RCC_APB1PeriphClockCmd  stm32f10x_rcc.o
    0x08000c60   0x00000020   Code   RO         3148    i.RCC_APB2PeriphClockCmd  stm32f10x_rcc.o
    0x08000c80   0x000000d4   Code   RO         3156    i.RCC_GetClocksFreq  stm32f10x_rcc.o
    0x08000d54   0x00000008   Code   RO         4546    i.SetSysClock       system_stm32f10x.o
    0x08000d5c   0x000000e0   Code   RO         4547    i.SetSysClockTo72   system_stm32f10x.o
    0x08000e3c   0x00000060   Code   RO         4549    i.SystemInit        system_stm32f10x.o
    0x08000e9c   0x00000020   Code   RO         4587    i.TIM3_IRQHandler   gizwits_product.o
    0x08000ebc   0x00000064   Code   RO          345    i.TIM3_Int_Init     tim.o
    0x08000f20   0x00000034   Code   RO          346    i.TIM7_IRQHandler   tim.o
    0x08000f54   0x00000006   Code   RO         3774    i.TIM_ClearFlag     stm32f10x_tim.o
    0x08000f5a   0x00000006   Code   RO         3775    i.TIM_ClearITPendingBit  stm32f10x_tim.o
    0x08000f60   0x00000018   Code   RO         3780    i.TIM_Cmd           stm32f10x_tim.o
    0x08000f78   0x00000012   Code   RO         3800    i.TIM_GetFlagStatus  stm32f10x_tim.o
    0x08000f8a   0x00000022   Code   RO         3801    i.TIM_GetITStatus   stm32f10x_tim.o
    0x08000fac   0x00000012   Code   RO         3805    i.TIM_ITConfig      stm32f10x_tim.o
    0x08000fbe   0x00000002   PAD
    0x08000fc0   0x000000a0   Code   RO         3819    i.TIM_OC3Init       stm32f10x_tim.o
    0x08001060   0x00000012   Code   RO         3822    i.TIM_OC3PreloadConfig  stm32f10x_tim.o
    0x08001072   0x00000004   Code   RO         3839    i.TIM_SetAutoreload  stm32f10x_tim.o
    0x08001076   0x00000004   Code   RO         3843    i.TIM_SetCompare3   stm32f10x_tim.o
    0x0800107a   0x00000002   PAD
    0x0800107c   0x000000a4   Code   RO         3851    i.TIM_TimeBaseInit  stm32f10x_tim.o
    0x08001120   0x00000068   Code   RO          171    i.USART1_IRQHandler  stm32f10x_it.o
    0x08001188   0x000000b0   Code   RO          255    i.USART2_Config     usart.o
    0x08001238   0x0000002c   Code   RO         4588    i.USART2_IRQHandler  gizwits_product.o
    0x08001264   0x00000012   Code   RO         4312    i.USART_ClearFlag   stm32f10x_usart.o
    0x08001276   0x00000018   Code   RO         4316    i.USART_Cmd         stm32f10x_usart.o
    0x0800128e   0x0000001a   Code   RO         4319    i.USART_GetFlagStatus  stm32f10x_usart.o
    0x080012a8   0x00000054   Code   RO         4320    i.USART_GetITStatus  stm32f10x_usart.o
    0x080012fc   0x0000004a   Code   RO         4322    i.USART_ITConfig    stm32f10x_usart.o
    0x08001346   0x00000002   PAD
    0x08001348   0x000000d8   Code   RO         4323    i.USART_Init        stm32f10x_usart.o
    0x08001420   0x0000000a   Code   RO         4330    i.USART_ReceiveData  stm32f10x_usart.o
    0x0800142a   0x00000008   Code   RO         4333    i.USART_SendData    stm32f10x_usart.o
    0x08001432   0x00000004   Code   RO          172    i.UsageFault_Handler  stm32f10x_it.o
    0x08001436   0x00000002   PAD
    0x08001438   0x00000024   Code   RO          327    i.WiFi_Key_Init     key.o
    0x0800145c   0x00000054   Code   RO          328    i.WiFi_Key_Switch   key.o
    0x080014b0   0x00000020   Code   RO         5236    i.__0printf$8       mc_w.l(printf8.o)
    0x080014d0   0x00000410   Code   RO         5243    i._printf_core      mc_w.l(printf8.o)
    0x080018e0   0x00000024   Code   RO         5244    i._printf_post_padding  mc_w.l(printf8.o)
    0x08001904   0x0000002e   Code   RO         5245    i._printf_pre_padding  mc_w.l(printf8.o)
    0x08001932   0x00000058   Code   RO          501    i.close             oled.o
    0x0800198a   0x00000002   PAD
    0x0800198c   0x00000024   Code   RO          412    i.dhtll_init_in     dht11.o
    0x080019b0   0x0000002c   Code   RO          413    i.dhtll_init_out    dht11.o
    0x080019dc   0x0000001a   Code   RO         4825    i.exchangeBytes     common.o
    0x080019f6   0x0000001a   Code   RO         4826    i.exchangeWord      common.o
    0x08001a10   0x00000068   Code   RO          502    i.fig1              oled.o
    0x08001a78   0x00000068   Code   RO          503    i.fig2              oled.o
    0x08001ae0   0x0000001c   Code   RO          260    i.fputc             usart.o
    0x08001afc   0x0000002a   Code   RO         4894    i.gizAcrossByteJudge  datapointtools.o
    0x08001b26   0x00000032   Code   RO         4895    i.gizByteOrderExchange  datapointtools.o
    0x08001b58   0x00000118   Code   RO         4662    i.gizCheckReport    gizwits_protocol.o
    0x08001c70   0x000000ac   Code   RO         4663    i.gizDataPoint2Event  gizwits_protocol.o
    0x08001d1c   0x000000b0   Code   RO         4664    i.gizDataPoints2ReportData  gizwits_protocol.o
    0x08001dcc   0x000000c4   Code   RO         4665    i.gizDevReportPolicy  gizwits_protocol.o
    0x08001e90   0x0000000c   Code   RO         4589    i.gizGetTimerCount  gizwits_product.o
    0x08001e9c   0x0000008c   Code   RO         4666    i.gizProtocolAckHandle  gizwits_protocol.o
    0x08001f28   0x000000a0   Code   RO         4667    i.gizProtocolCommonAck  gizwits_protocol.o
    0x08001fc8   0x000000a4   Code   RO         4668    i.gizProtocolErrorCmd  gizwits_protocol.o
    0x0800206c   0x0000017c   Code   RO         4669    i.gizProtocolGetDeviceInfo  gizwits_protocol.o
    0x080021e8   0x000001fc   Code   RO         4670    i.gizProtocolGetOnePacket  gizwits_protocol.o
    0x080023e4   0x00000050   Code   RO         4671    i.gizProtocolHeadInit  gizwits_protocol.o
    0x08002434   0x0000013c   Code   RO         4672    i.gizProtocolIssuedDataAck  gizwits_protocol.o
    0x08002570   0x0000010c   Code   RO         4673    i.gizProtocolIssuedProcess  gizwits_protocol.o
    0x0800267c   0x0000005c   Code   RO         4674    i.gizProtocolModuleInfoHandle  gizwits_protocol.o
    0x080026d8   0x00000504   Code   RO         4675    i.gizProtocolModuleStatus  gizwits_protocol.o
    0x08002bdc   0x0000008c   Code   RO         4676    i.gizProtocolNTP    gizwits_protocol.o
    0x08002c68   0x0000001c   Code   RO         4677    i.gizProtocolReboot  gizwits_protocol.o
    0x08002c84   0x0000007c   Code   RO         4678    i.gizProtocolResendData  gizwits_protocol.o
    0x08002d00   0x00000026   Code   RO         4828    i.gizProtocolSum    common.o
    0x08002d26   0x00000002   PAD
    0x08002d28   0x00000064   Code   RO         4679    i.gizProtocolWaitAck  gizwits_protocol.o
    0x08002d8c   0x00000048   Code   RO         4680    i.gizProtocolWaitAckCheck  gizwits_protocol.o
    0x08002dd4   0x00000074   Code   RO         4681    i.gizPutData        gizwits_protocol.o
    0x08002e48   0x000000d4   Code   RO         4682    i.gizReportData     gizwits_protocol.o
    0x08002f1c   0x00000080   Code   RO         4896    i.gizStandardCompressValue  datapointtools.o
    0x08002f9c   0x000000c2   Code   RO         4897    i.gizStandardDecompressionValue  datapointtools.o
    0x0800305e   0x00000002   PAD
    0x08003060   0x00000010   Code   RO         4590    i.gizTimerMs        gizwits_product.o
    0x08003070   0x0000002a   Code   RO         4903    i.gizY2XFloat       datapointtools.o
    0x0800309a   0x00000002   PAD
    0x0800309c   0x00000230   Code   RO         4591    i.gizwitsEventProcess  gizwits_product.o
    0x080032cc   0x0000031c   Code   RO         4685    i.gizwitsHandle     gizwits_protocol.o
    0x080035e8   0x00000064   Code   RO         4686    i.gizwitsInit       gizwits_protocol.o
    0x0800364c   0x00000270   Code   RO         4688    i.gizwitsSetMode    gizwits_protocol.o
    0x080038bc   0x00000064   Code   RO            1    i.main              main.o
    0x08003920   0x00000030   Code   RO         4592    i.mcuRestart        gizwits_product.o
    0x08003950   0x00000058   Code   RO          504    i.open              oled.o
    0x080039a8   0x00000034   Code   RO         1187    i.prvResetNextTaskUnblockTime  tasks.o
    0x080039dc   0x00000038   Code   RO         4963    i.rbCanRead         ringbuffer.o
    0x08003a14   0x0000001e   Code   RO         4964    i.rbCanWrite        ringbuffer.o
    0x08003a32   0x0000000e   Code   RO         4965    i.rbCapacity        ringbuffer.o
    0x08003a40   0x00000016   Code   RO         4966    i.rbCreate          ringbuffer.o
    0x08003a56   0x000000a2   Code   RO         4968    i.rbRead            ringbuffer.o
    0x08003af8   0x0000009a   Code   RO         4969    i.rbWrite           ringbuffer.o
    0x08003b92   0x00000002   PAD
    0x08003b94   0x00000078   Code   RO          457    i.systick_Nms       systick_timer.o
    0x08003c0c   0x00000034   Code   RO          458    i.systick_config    systick_timer.o
    0x08003c40   0x0000009c   Code   RO          348    i.tim4_ch3_init     tim.o
    0x08003cdc   0x00000018   Code   RO          349    i.tim6_delay_ms     tim.o
    0x08003cf4   0x00000038   Code   RO          350    i.tim6_delay_us     tim.o
    0x08003d2c   0x00000050   Code   RO          351    i.tim6_init         tim.o
    0x08003d7c   0x00000058   Code   RO          505    i.total             oled.o
    0x08003dd4   0x00000014   Code   RO          352    i.turn_pwm_1        tim.o
    0x08003de8   0x00000014   Code   RO          353    i.turn_pwm_3        tim.o
    0x08003dfc   0x00000058   Code   RO         4593    i.uartWrite         gizwits_product.o
    0x08003e54   0x00000074   Code   RO         4594    i.userHandle        gizwits_product.o
    0x08003ec8   0x00000028   Code   RO         1017    i.uxListRemove      list.o
    0x08003ef0   0x00000018   Code   RO         1021    i.vListInsertEnd    list.o
    0x08003f08   0x00000060   Code   RO         1208    i.vTaskSwitchContext  tasks.o
    0x08003f68   0x00000034   Code   RO         1516    i.xPortSysTickHandler  port.o
    0x08003f9c   0x0000011c   Code   RO         1215    i.xTaskIncrementTick  tasks.o
    0x080040b8   0x00001f70   Data   RO          507    .constdata          oled.o
    0x08006028   0x00000000   Data   RO         5343    Region$$Table       anon$$obj.o


    Execution Region RW_IRAM1 (Base: 0x20000000, Size: 0x00000c68, Max: 0x0000c000, ABSOLUTE)

    Base Addr    Size         Type   Attr      Idx    E Section Name        Object

    0x20000000   0x00000010   Data   RW          265    .data               usart.o
    0x20000010   0x00000008   Data   RW          354    .data               tim.o
    0x20000018   0x00000008   Data   RW          459    .data               systick_timer.o
    0x20000020   0x0000003c   Data   RW         1223    .data               tasks.o
    0x2000005c   0x00000014   Data   RW         3176    .data               stm32f10x_rcc.o
    0x20000070   0x00000005   Data   RW         4597    .data               gizwits_product.o
    0x20000075   0x00000003   PAD
    0x20000078   0x00000010   Data   RW         4690    .data               gizwits_protocol.o
    0x20000088   0x00000080   Zero   RW          264    .bss                usart.o
    0x20000108   0x00000010   Zero   RW          414    .bss                dht11.o
    0x20000118   0x00000480   Zero   RW          506    .bss                oled.o
    0x20000598   0x000000c8   Zero   RW         1222    .bss                tasks.o
    0x20000660   0x0000000a   Zero   RW         4596    .bss                gizwits_product.o
    0x2000066a   0x00000002   PAD
    0x2000066c   0x000001fc   Zero   RW         4689    .bss                gizwits_protocol.o
    0x20000868   0x00000400   Zero   RW         4580    STACK               startup_stm32f10x_hd.o

